{"event": "group_complete", "phase": "baseline_development", "candidate_id": "x0352_daily_baseline"}
{"event": "group_complete", "phase": "development_coarse", "candidate_id": "x0352_daily_baseline"}
{"event": "group_complete", "phase": "development_coarse", "candidate_id": "coarse_001_target_count_25"}
{"event": "group_complete", "phase": "development_coarse", "candidate_id": "coarse_003_return_short_5"}
{"event": "group_complete", "phase": "development_coarse", "candidate_id": "coarse_002_target_count_30"}
{"event": "group_complete", "phase": "development_coarse", "candidate_id": "coarse_004_return_short_15"}
{"event": "group_complete", "phase": "development_coarse", "candidate_id": "coarse_005_return_long_20"}
{"event": "group_complete", "phase": "development_coarse", "candidate_id": "coarse_006_return_long_50"}
{"event": "group_complete", "phase": "development_coarse", "candidate_id": "coarse_007_ema_fast_8"}
{"event": "group_complete", "phase": "development_coarse", "candidate_id": "coarse_008_ema_fast_15"}
{"event": "group_complete", "phase": "development_coarse", "candidate_id": "coarse_009_ema_slow_20"}
{"event": "group_complete", "phase": "development_coarse", "candidate_id": "coarse_010_ema_slow_50"}
{"event": "group_complete", "phase": "development_coarse", "candidate_id": "coarse_011_macd_fast_6"}
{"event": "group_complete", "phase": "development_coarse", "candidate_id": "coarse_012_macd_fast_10"}
{"event": "group_complete", "phase": "development_coarse", "candidate_id": "coarse_013_macd_signal_3"}
{"event": "group_complete", "phase": "development_coarse", "candidate_id": "coarse_014_macd_signal_7"}
{"event": "group_complete", "phase": "development_coarse", "candidate_id": "coarse_015_momentum_weight_0p45"}
{"event": "group_complete", "phase": "development_coarse", "candidate_id": "coarse_016_momentum_weight_0p65"}
{"event": "group_complete", "phase": "development_coarse", "candidate_id": "coarse_017_long_return_fraction_0p1"}
{"event": "group_complete", "phase": "development_coarse", "candidate_id": "coarse_018_long_return_fraction_0p3"}
{"event": "group_complete", "phase": "development_coarse", "candidate_id": "coarse_019_volume_low_0p6"}
{"event": "group_complete", "phase": "development_coarse", "candidate_id": "coarse_020_volume_high_3p0"}
{"event": "group_complete", "phase": "development_coarse", "candidate_id": "coarse_021_volatility_spike_ratio_1p5"}
{"event": "group_complete", "phase": "development_coarse", "candidate_id": "coarse_022_volatility_spike_ratio_2p5"}
{"event": "group_complete", "phase": "development_coarse", "candidate_id": "coarse_023_one_day_chase_return_0p03"}
{"event": "group_complete", "phase": "development_coarse", "candidate_id": "coarse_024_one_day_chase_return_0p05"}
{"event": "group_complete", "phase": "development_coarse", "candidate_id": "coarse_025_max_replacements_per_day_1"}
{"event": "group_complete", "phase": "development_coarse", "candidate_id": "coarse_026_cash_guard_ratio_0p1"}
{"event": "group_complete", "phase": "development_coarse", "candidate_id": "coarse_027_cash_guard_ratio_0p14"}
{"event": "group_complete", "phase": "validation", "candidate_id": "x0352_daily_baseline"}
{"event": "group_complete", "phase": "validation", "candidate_id": "coarse_024_one_day_chase_return_0p05"}
{"event": "group_complete", "phase": "validation", "candidate_id": "coarse_019_volume_low_0p6"}
{"event": "group_complete", "phase": "validation", "candidate_id": "coarse_009_ema_slow_20"}
{"event": "group_complete", "phase": "holdout", "candidate_id": "x0352_daily_baseline"}
{"event": "group_complete", "phase": "monthly_comparison", "candidate_id": "x0352_daily_baseline"}
{"event": "group_complete", "phase": "oct_nov", "candidate_id": "x0352_daily_baseline"}
{"event": "group_complete", "phase": "rolling_2011", "candidate_id": "x0352_daily_baseline"}
{"event": "group_complete", "phase": "rolling_2012", "candidate_id": "x0352_daily_baseline"}
{"event": "group_complete", "phase": "rolling_2010", "candidate_id": "x0352_daily_baseline"}
{"event": "group_complete", "phase": "rolling_2013", "candidate_id": "x0352_daily_baseline"}
{"event": "group_complete", "phase": "rolling_2015", "candidate_id": "x0352_daily_baseline"}
{"event": "group_complete", "phase": "rolling_2014", "candidate_id": "x0352_daily_baseline"}
{"event": "group_complete", "phase": "rolling_2016", "candidate_id": "x0352_daily_baseline"}
{"event": "group_complete", "phase": "rolling_2017", "candidate_id": "x0352_daily_baseline"}
{"event": "group_complete", "phase": "rolling_2020", "candidate_id": "x0352_daily_baseline"}
{"event": "group_complete", "phase": "rolling_2019", "candidate_id": "x0352_daily_baseline"}
{"event": "group_complete", "phase": "rolling_2021", "candidate_id": "x0352_daily_baseline"}
{"event": "group_complete", "phase": "rolling_2018", "candidate_id": "x0352_daily_baseline"}
{"event": "group_complete", "phase": "rolling_2022", "candidate_id": "x0352_daily_baseline"}
{"event": "group_complete", "phase": "rolling_2023", "candidate_id": "x0352_daily_baseline"}
{"event": "group_complete", "phase": "rolling_2024", "candidate_id": "x0352_daily_baseline"}
{"event": "group_complete", "phase": "sanity_monthly", "candidate_id": "simple_momentum_reference"}
{"event": "group_complete", "phase": "sanity_oct_nov", "candidate_id": "simple_momentum_reference"}
{"event": "group_complete", "phase": "recent_stress", "candidate_id": "x0352_daily_baseline"}
{"event": "group_complete", "phase": "recent_stress", "candidate_id": "simple_momentum_reference"}
{"event": "group_complete", "phase": "walk_forward_later", "candidate_id": "x0352_daily_baseline"}
{"event": "group_complete", "phase": "walk_forward_later", "candidate_id": "coarse_001_target_count_25"}
{"event": "group_complete", "phase": "walk_forward_later", "candidate_id": "coarse_003_return_short_5"}
{"event": "group_complete", "phase": "walk_forward_later", "candidate_id": "coarse_002_target_count_30"}
{"event": "group_complete", "phase": "walk_forward_later", "candidate_id": "coarse_004_return_short_15"}
{"event": "group_complete", "phase": "walk_forward_later", "candidate_id": "coarse_005_return_long_20"}
{"event": "group_complete", "phase": "walk_forward_later", "candidate_id": "coarse_006_return_long_50"}
{"event": "group_complete", "phase": "walk_forward_later", "candidate_id": "coarse_007_ema_fast_8"}
{"event": "group_complete", "phase": "walk_forward_later", "candidate_id": "coarse_008_ema_fast_15"}
{"event": "group_complete", "phase": "walk_forward_later", "candidate_id": "coarse_009_ema_slow_20"}
{"event": "group_complete", "phase": "walk_forward_later", "candidate_id": "coarse_010_ema_slow_50"}
{"event": "group_complete", "phase": "walk_forward_later", "candidate_id": "coarse_011_macd_fast_6"}
{"event": "group_complete", "phase": "walk_forward_later", "candidate_id": "coarse_012_macd_fast_10"}
{"event": "group_complete", "phase": "walk_forward_later", "candidate_id": "coarse_013_macd_signal_3"}
{"event": "group_complete", "phase": "walk_forward_later", "candidate_id": "coarse_014_macd_signal_7"}
{"event": "group_complete", "phase": "walk_forward_later", "candidate_id": "coarse_015_momentum_weight_0p45"}
{"event": "group_complete", "phase": "walk_forward_later", "candidate_id": "coarse_016_momentum_weight_0p65"}
{"event": "group_complete", "phase": "walk_forward_later", "candidate_id": "coarse_017_long_return_fraction_0p1"}
{"event": "group_complete", "phase": "walk_forward_later", "candidate_id": "coarse_018_long_return_fraction_0p3"}
{"event": "group_complete", "phase": "walk_forward_later", "candidate_id": "coarse_019_volume_low_0p6"}
{"event": "group_complete", "phase": "walk_forward_later", "candidate_id": "coarse_020_volume_high_3p0"}
{"event": "group_complete", "phase": "walk_forward_later", "candidate_id": "coarse_021_volatility_spike_ratio_1p5"}
{"event": "group_complete", "phase": "walk_forward_later", "candidate_id": "coarse_022_volatility_spike_ratio_2p5"}
{"event": "group_complete", "phase": "walk_forward_later", "candidate_id": "coarse_023_one_day_chase_return_0p03"}
{"event": "group_complete", "phase": "walk_forward_later", "candidate_id": "coarse_024_one_day_chase_return_0p05"}
{"event": "group_complete", "phase": "walk_forward_later", "candidate_id": "coarse_025_max_replacements_per_day_1"}
{"event": "group_complete", "phase": "walk_forward_later", "candidate_id": "coarse_026_cash_guard_ratio_0p1"}
{"event": "group_complete", "phase": "walk_forward_later", "candidate_id": "coarse_027_cash_guard_ratio_0p14"}
