{
  "status": "PASS_OFFLINE_ARTIFACT_VERIFICATION",
  "groups": 83,
  "audited_attempts": 9418,
  "primary_monthly_episodes": 180,
  "candidates": 28,
  "rebuilt_groups": [],
  "source_accuracy_verified": false,
  "active_share_status": "ACTIVE_SHARE_NOT_VERIFIED",
  "ready_status": "BLOCK_READY",
  "submission_status": "BLOCK_SUBMISSION",
  "verification_runtime_differences": {},
  "supplement": {
    "status": "PASS_SUPPLEMENT_INDEPENDENT_VERIFICATION",
    "groups": 5,
    "audited_attempts": 561,
    "enriched_attempts": 9979,
    "monthly_windows_per_candidate": 200,
    "rolling_windows_per_candidate": 4060,
    "adoption_allowed": false
  },
  "fixed_set_diagnostics": {
    "status": "PASS_FIXED_SET_DIAGNOSTICS_VERIFICATION",
    "candidate_count": 30,
    "monthly_attempts": 6000,
    "long_horizon_attempts": 30,
    "adoption_allowed": false
  },
  "verification_scope": "artifact consistency, declared chronology, complete denominators; no vendor accuracy certification"
}
{
  "reports": 9,
  "selected": "x0352_daily_baseline",
  "candidate_count": 28,
  "canonical_aliases": {
    "monthly_episodes.csv": {
      "rows": 200,
      "distinct_starts": 200,
      "sha256": "16a19e052fbdc6bff6be3318321cb0ac72c21de25757ba9b5c640f87c6f7487f",
      "source_file": "outputs/24d_supplement/monthly_comparison_2010_2026.csv",
      "source_sha256": "6a8fb6b1099ee2a3a4a48062f5840df783d26b855113913cedd7bc179b75ef16"
    },
    "rolling_episodes.csv": {
      "rows": 4060,
      "distinct_starts": 4060,
      "sha256": "d712c49685a396f354e5e721e2fccbd690b27e9011181173912811ac2b882738",
      "source_file": "outputs/24d_supplement/rolling_comparison_2010_2026.csv",
      "source_sha256": "cde53eaf88e259a89b7e448573bd91e3f9fc888a921ef9b108e32a779bfb2f5f"
    },
    "oct_nov_episodes.csv": {
      "rows": 16,
      "distinct_starts": 16,
      "sha256": "399559de8af65ca509807ef33e18300940a0911717bff72ecac66b7d77bbdd9c",
      "source_file": "outputs/24d_supplement/enriched_episodes.csv",
      "source_sha256": "180c6486f58850e0bc3228b86204d825ec64415362cb7b7ad6d909ce977485e8"
    },
    "recent_regime.csv": {
      "rows": 40,
      "distinct_starts": 20,
      "sha256": "eb92d6b8afc73f19367fea16fa14063c73a8bd71e42398c080885aaf983cfa51",
      "source_file": "outputs/24d_supplement/enriched_episodes.csv",
      "source_sha256": "180c6486f58850e0bc3228b86204d825ec64415362cb7b7ad6d909ce977485e8"
    }
  },
  "supplement_complete": true,
  "family_diagnostics_complete": true,
  "verification": "PASS",
  "audit_status": "EVERY_ATTEMPT_RECONSTRUCTED_BEFORE_SAVE"
}
