{"event": "group_complete", "phase": "baseline_reproduction", "candidate_id": "x0352_daily_baseline"}
{"event": "group_complete", "phase": "bottleneck", "candidate_id": "tune_144eb57c8c1b"}
{"event": "group_complete", "phase": "bottleneck", "candidate_id": "tune_9f6fc644b123"}
{"event": "group_complete", "phase": "bottleneck", "candidate_id": "tune_70ac6087a127"}
{"event": "group_complete", "phase": "bottleneck", "candidate_id": "tune_1638af6126b1"}
{"event": "group_complete", "phase": "bottleneck", "candidate_id": "tune_31fa9724c737"}
{"event": "group_complete", "phase": "bottleneck", "candidate_id": "tune_44de1f5860d5"}
{"event": "group_complete", "phase": "bottleneck", "candidate_id": "tune_6b7502ec4619"}
{"event": "group_complete", "phase": "bottleneck", "candidate_id": "tune_7b6621cfea9a"}
{"event": "group_complete", "phase": "bottleneck", "candidate_id": "tune_fd368550142d"}
{"event": "group_complete", "phase": "bottleneck", "candidate_id": "tune_af9efa74fa77"}
{"event": "group_complete", "phase": "bottleneck", "candidate_id": "tune_0de9e41ffac6"}
{"event": "group_complete", "phase": "bottleneck", "candidate_id": "tune_9ebbc812df81"}
{"event": "group_complete", "phase": "bottleneck", "candidate_id": "tune_8236f1594bcb"}
{"event": "group_complete", "phase": "bottleneck", "candidate_id": "tune_306122e8cab1"}
{"event": "group_complete", "phase": "bottleneck", "candidate_id": "tune_d8e0c9ae6cc3"}
{"event": "group_complete", "phase": "bottleneck", "candidate_id": "tune_b792830f1429"}
{"event": "group_complete", "phase": "bottleneck", "candidate_id": "tune_70b7d69d1677"}
{"event": "group_complete", "phase": "bottleneck", "candidate_id": "tune_f1ade1129bf6"}
{"event": "group_complete", "phase": "bottleneck", "candidate_id": "tune_bdd29ae2421d"}
{"event": "group_complete", "phase": "bottleneck", "candidate_id": "tune_ca42feb67cab"}
{"event": "group_complete", "phase": "bottleneck", "candidate_id": "tune_57f98463d557"}
{"event": "group_complete", "phase": "bottleneck", "candidate_id": "tune_a45e52b077b8"}
{"event": "group_complete", "phase": "bottleneck", "candidate_id": "tune_fef846974eaa"}
{"event": "group_complete", "phase": "bottleneck", "candidate_id": "tune_dd06ea0a061d"}
{"event": "group_complete", "phase": "bottleneck", "candidate_id": "tune_77eceaed43c8"}
{"event": "group_complete", "phase": "bottleneck", "candidate_id": "tune_3025ba3354de"}
{"event": "group_complete", "phase": "bottleneck", "candidate_id": "tune_ecf3d6921691"}
{"event": "group_complete", "phase": "bottleneck", "candidate_id": "tune_474d1668e24e"}
{"event": "group_complete", "phase": "bottleneck", "candidate_id": "tune_514512703c0e"}
{"event": "group_complete", "phase": "bottleneck", "candidate_id": "tune_1bede71467c6"}
{"event": "group_complete", "phase": "bottleneck", "candidate_id": "tune_5b5011fb7516"}
{"event": "group_complete", "phase": "bottleneck", "candidate_id": "tune_a01e02c4f47a"}
{"event": "group_complete", "phase": "bottleneck", "candidate_id": "tune_494d83a6ee1f"}
{"event": "group_complete", "phase": "bottleneck", "candidate_id": "tune_80ee518c87c2"}
{"event": "group_complete", "phase": "bottleneck", "candidate_id": "tune_c3f2226fe50e"}
{"event": "group_complete", "phase": "bottleneck", "candidate_id": "tune_6eadb512258f"}
{"event": "group_complete", "phase": "bottleneck", "candidate_id": "tune_d0f91177d03b"}
{"event": "group_complete", "phase": "bottleneck", "candidate_id": "tune_17481d62b9a5"}
{"event": "group_complete", "phase": "bottleneck", "candidate_id": "tune_c2e7c8429c27"}
{"event": "group_complete", "phase": "bottleneck", "candidate_id": "tune_89c250527f6d"}
{"event": "group_complete", "phase": "bottleneck", "candidate_id": "tune_73db2608c38d"}
{"event": "group_complete", "phase": "bottleneck", "candidate_id": "tune_ec9e8ca78c6b"}
{"event": "group_complete", "phase": "bottleneck", "candidate_id": "tune_8c7579ef99ab"}
{"event": "group_complete", "phase": "bottleneck", "candidate_id": "tune_c2b2384a749e"}
{"event": "group_complete", "phase": "bottleneck", "candidate_id": "tune_763579e4000d"}
{"event": "group_complete", "phase": "bottleneck", "candidate_id": "tune_0bdec2da709e"}
{"event": "group_complete", "phase": "bottleneck", "candidate_id": "tune_9b7158c194ce"}
{"event": "group_complete", "phase": "bottleneck", "candidate_id": "tune_ab82ae8f341c"}
{"event": "group_complete", "phase": "bottleneck", "candidate_id": "tune_c08268311de7"}
{"event": "group_complete", "phase": "bottleneck", "candidate_id": "tune_832472c3377c"}
{"event": "group_complete", "phase": "bottleneck", "candidate_id": "tune_7b791cca99c2"}
{"event": "group_complete", "phase": "bottleneck", "candidate_id": "tune_09902a6e44a8"}
{"event": "group_complete", "phase": "bottleneck", "candidate_id": "tune_885355456c34"}
{"event": "group_complete", "phase": "bottleneck", "candidate_id": "tune_f755b956d283"}
{"event": "group_complete", "phase": "bottleneck", "candidate_id": "tune_c45b5bb27c19"}
{"event": "group_complete", "phase": "bottleneck", "candidate_id": "tune_a892fd4b3ea7"}
{"event": "group_complete", "phase": "bottleneck", "candidate_id": "tune_8e22ec0135d4"}
{"event": "group_complete", "phase": "bottleneck", "candidate_id": "tune_c268c62a9f1c"}
{"event": "group_complete", "phase": "bottleneck", "candidate_id": "tune_96df0da01aa2"}
{"event": "group_complete", "phase": "bottleneck", "candidate_id": "tune_2bdb900a90c7"}
{"event": "group_complete", "phase": "bottleneck", "candidate_id": "tune_f2c3b280b9fb"}
{"event": "group_complete", "phase": "bottleneck", "candidate_id": "tune_7a792ff31006"}
{"event": "group_complete", "phase": "bottleneck", "candidate_id": "tune_841eed3007b2"}
{"event": "group_complete", "phase": "bottleneck", "candidate_id": "tune_29bfc7014c10"}
{"event": "group_complete", "phase": "bottleneck", "candidate_id": "tune_7e5d84c717c6"}
{"event": "group_complete", "phase": "bottleneck", "candidate_id": "tune_c6ad6be8e7d4"}
{"event": "group_complete", "phase": "bottleneck", "candidate_id": "tune_d8cfb3128906"}
{"event": "group_complete", "phase": "bottleneck", "candidate_id": "tune_1701a7072469"}
{"event": "group_complete", "phase": "bottleneck", "candidate_id": "tune_feb417fae427"}
{"event": "group_complete", "phase": "bottleneck", "candidate_id": "tune_4013d1d8b354"}
{"event": "group_complete", "phase": "bottleneck", "candidate_id": "tune_c467f0063423"}
{"event": "group_complete", "phase": "bottleneck", "candidate_id": "tune_9ba0a4b45e99"}
{"event": "group_complete", "phase": "bottleneck", "candidate_id": "tune_5d96c5546ec7"}
{"event": "group_complete", "phase": "bottleneck", "candidate_id": "tune_31d69b87867f"}
{"event": "group_complete", "phase": "bottleneck", "candidate_id": "tune_9e071d9e00d9"}
{"event": "group_complete", "phase": "bottleneck", "candidate_id": "tune_67fd58b03672"}
{"event": "group_complete", "phase": "bottleneck", "candidate_id": "tune_5e8e860f1132"}
{"event": "group_complete", "phase": "bottleneck", "candidate_id": "tune_1c1ecc014c32"}
{"event": "group_complete", "phase": "bottleneck", "candidate_id": "tune_de4a78e98b87"}
{"event": "group_complete", "phase": "bottleneck", "candidate_id": "tune_393db3612ec6"}
{"event": "group_complete", "phase": "bottleneck", "candidate_id": "tune_a7069a939413"}
{"event": "group_complete", "phase": "bottleneck", "candidate_id": "tune_c21bfb38deb1"}
{"event": "group_complete", "phase": "bottleneck", "candidate_id": "tune_30f3fac7f70a"}
{"event": "group_complete", "phase": "bottleneck", "candidate_id": "tune_4bf642ef1294"}
{"event": "group_complete", "phase": "bottleneck", "candidate_id": "tune_8829375efb71"}
{"event": "group_complete", "phase": "bottleneck", "candidate_id": "tune_0aa3ec076c62"}
{"event": "group_complete", "phase": "bottleneck", "candidate_id": "tune_05f3cdc009e4"}
{"event": "group_complete", "phase": "bottleneck", "candidate_id": "tune_d985672b9eaa"}
{"event": "group_complete", "phase": "bottleneck", "candidate_id": "tune_e8a9fe4b6c42"}
{"event": "group_complete", "phase": "bottleneck", "candidate_id": "tune_5d5429734593"}
{"event": "group_complete", "phase": "bottleneck", "candidate_id": "tune_a87b6f2ca4d9"}
{"event": "group_complete", "phase": "bottleneck", "candidate_id": "tune_81ee6d00b1bc"}
{"event": "group_complete", "phase": "bottleneck", "candidate_id": "tune_2a5a09e802e8"}
{"event": "group_complete", "phase": "bottleneck", "candidate_id": "tune_37476c735681"}
{"event": "group_complete", "phase": "bottleneck", "candidate_id": "tune_cf883dfb0787"}
{"event": "group_complete", "phase": "bottleneck", "candidate_id": "tune_d60e6b94dc62"}
{"event": "group_complete", "phase": "bottleneck", "candidate_id": "tune_909a2d38a9ce"}
{"event": "group_complete", "phase": "bottleneck", "candidate_id": "tune_0d07cf616412"}
{"event": "group_complete", "phase": "bottleneck", "candidate_id": "tune_166e79f73425"}
{"event": "group_complete", "phase": "bottleneck", "candidate_id": "tune_1174d1ff30e9"}
{"event": "group_complete", "phase": "bottleneck", "candidate_id": "tune_fbb30b383928"}
{"event": "group_complete", "phase": "bottleneck", "candidate_id": "tune_38934dd0c75c"}
{"event": "group_complete", "phase": "bottleneck", "candidate_id": "tune_e93b379bb097"}
{"event": "group_complete", "phase": "bottleneck", "candidate_id": "tune_31fc72a3b42d"}
{"event": "group_complete", "phase": "bottleneck", "candidate_id": "tune_a7cbb32a61df"}
{"event": "group_complete", "phase": "bottleneck", "candidate_id": "tune_811bfb314865"}
{"event": "group_complete", "phase": "bottleneck", "candidate_id": "tune_41604de3dc2a"}
{"event": "group_complete", "phase": "bottleneck", "candidate_id": "tune_0341cf71459e"}
{"event": "group_complete", "phase": "bottleneck", "candidate_id": "tune_78a389d82d41"}
{"event": "group_complete", "phase": "bottleneck", "candidate_id": "tune_7584881c1c8e"}
{"event": "group_complete", "phase": "bottleneck", "candidate_id": "tune_75000773a464"}
{"event": "group_complete", "phase": "bottleneck", "candidate_id": "tune_74898f257caf"}
{"event": "group_complete", "phase": "bottleneck", "candidate_id": "tune_050d83df1480"}
{"event": "group_complete", "phase": "bottleneck", "candidate_id": "tune_19587c694f0b"}
{"event": "group_complete", "phase": "bottleneck", "candidate_id": "tune_04eba6ef9c97"}
{"event": "group_complete", "phase": "bottleneck", "candidate_id": "tune_2b4aabe09699"}
{"event": "group_complete", "phase": "bottleneck", "candidate_id": "tune_14e70f9aca04"}
{"event": "group_complete", "phase": "bottleneck", "candidate_id": "tune_9302e7637319"}
{"event": "group_complete", "phase": "bottleneck", "candidate_id": "tune_423e58c149cf"}
{"event": "group_complete", "phase": "bottleneck", "candidate_id": "tune_c79ed94e1c44"}
{"event": "group_complete", "phase": "bottleneck", "candidate_id": "tune_28ff5c5c6dd6"}
{"event": "group_complete", "phase": "bottleneck", "candidate_id": "tune_e144398151c8"}
{"event": "group_complete", "phase": "bottleneck", "candidate_id": "tune_40755b2630e0"}
{"event": "group_complete", "phase": "bottleneck", "candidate_id": "tune_4f58212a05d8"}
{"event": "group_complete", "phase": "bottleneck", "candidate_id": "tune_10e392d8f60c"}
{"event": "group_complete", "phase": "bottleneck", "candidate_id": "tune_f0e4a3984fd5"}
{"event": "group_complete", "phase": "bottleneck", "candidate_id": "tune_d4e0589bb4d3"}
{"event": "group_complete", "phase": "bottleneck", "candidate_id": "tune_2d750a55968e"}
{"event": "group_complete", "phase": "bottleneck", "candidate_id": "tune_5b8776fae6a1"}
{"event": "group_complete", "phase": "bottleneck", "candidate_id": "tune_07d388d3c080"}
{"event": "group_complete", "phase": "bottleneck", "candidate_id": "tune_660c90c52af8"}
{"event": "group_complete", "phase": "bottleneck", "candidate_id": "tune_2eb9920a96b8"}
{"event": "group_complete", "phase": "bottleneck", "candidate_id": "tune_9eb025fec04e"}
{"event": "group_complete", "phase": "bottleneck", "candidate_id": "tune_858b1d758485"}
{"event": "group_complete", "phase": "bottleneck", "candidate_id": "tune_12adc30e0df3"}
{"event": "group_complete", "phase": "bottleneck", "candidate_id": "tune_6bfae34d22ff"}
{"event": "group_complete", "phase": "bottleneck", "candidate_id": "tune_5b023442b23a"}
{"event": "group_complete", "phase": "bottleneck", "candidate_id": "tune_c412f010b93e"}
{"event": "group_complete", "phase": "bottleneck", "candidate_id": "tune_4318551a2590"}
{"event": "group_complete", "phase": "bottleneck", "candidate_id": "tune_4054b2542578"}
{"event": "group_complete", "phase": "bottleneck", "candidate_id": "tune_e0119d71f60b"}
{"event": "group_complete", "phase": "bottleneck", "candidate_id": "tune_5b3c3eafa132"}
{"event": "group_complete", "phase": "bottleneck", "candidate_id": "tune_76c2ec48279d"}
{"event": "group_complete", "phase": "bottleneck", "candidate_id": "tune_96a6c824b6a1"}
{"event": "group_complete", "phase": "bottleneck", "candidate_id": "tune_e0171dc46c59"}
{"event": "group_complete", "phase": "bottleneck", "candidate_id": "tune_bddcd6955d65"}
{"event": "group_complete", "phase": "bottleneck", "candidate_id": "tune_714ea01344f6"}
{"event": "group_complete", "phase": "bottleneck", "candidate_id": "tune_78dde99cd9a3"}
{"event": "group_complete", "phase": "bottleneck", "candidate_id": "tune_6e3fb674df14"}
{"event": "group_complete", "phase": "bottleneck", "candidate_id": "tune_6bd8d42c1a2d"}
{"event": "group_complete", "phase": "bottleneck", "candidate_id": "tune_cb5c7c113cc8"}
{"event": "group_complete", "phase": "bottleneck", "candidate_id": "tune_0d9719a09c9b"}
{"event": "group_complete", "phase": "bottleneck", "candidate_id": "tune_291d84da7fe7"}
{"event": "group_complete", "phase": "bottleneck", "candidate_id": "tune_385279793bee"}
{"event": "group_complete", "phase": "bottleneck", "candidate_id": "tune_f5fb40d2a080"}
{"event": "group_complete", "phase": "bottleneck", "candidate_id": "tune_e6ab73f5fb19"}
{"event": "group_complete", "phase": "bottleneck", "candidate_id": "tune_c5603ca00791"}
{"event": "group_complete", "phase": "bottleneck", "candidate_id": "tune_f97708f158d6"}
{"event": "group_complete", "phase": "bottleneck", "candidate_id": "tune_c88c9745bda6"}
{"event": "group_complete", "phase": "bottleneck", "candidate_id": "tune_b398a3f69499"}
{"event": "group_complete", "phase": "bottleneck", "candidate_id": "tune_afd2ecb73179"}
{"event": "group_complete", "phase": "bottleneck", "candidate_id": "tune_af1129566dcf"}
{"event": "group_complete", "phase": "bottleneck", "candidate_id": "tune_aa7918f56e77"}
{"event": "group_complete", "phase": "bottleneck", "candidate_id": "tune_fe5683cf20b3"}
{"event": "group_complete", "phase": "bottleneck", "candidate_id": "tune_0821d8956502"}
{"event": "group_complete", "phase": "bottleneck", "candidate_id": "tune_c1939a5e7075"}
{"event": "group_complete", "phase": "bottleneck", "candidate_id": "tune_3f7e97a6f794"}
{"event": "group_complete", "phase": "bottleneck", "candidate_id": "tune_1c0a74b93002"}
{"event": "group_complete", "phase": "bottleneck", "candidate_id": "tune_e0c88eeddf07"}
{"event": "group_complete", "phase": "bottleneck", "candidate_id": "tune_bd2663a6464e"}
{"event": "group_complete", "phase": "bottleneck", "candidate_id": "tune_4dd744da05f8"}
{"event": "group_complete", "phase": "bottleneck", "candidate_id": "tune_2aecc9ac9daa"}
{"event": "group_complete", "phase": "bottleneck", "candidate_id": "tune_ef2e988b277e"}
{"event": "group_complete", "phase": "bottleneck", "candidate_id": "tune_63e1c0ec11ab"}
{"event": "group_complete", "phase": "bottleneck", "candidate_id": "tune_ad48f165b366"}
{"event": "group_complete", "phase": "bottleneck", "candidate_id": "tune_5cd3ea2316d7"}
{"event": "group_complete", "phase": "bottleneck", "candidate_id": "tune_1590dd6dc9e2"}
{"event": "group_complete", "phase": "bottleneck", "candidate_id": "tune_cfd89d6b0bfd"}
{"event": "group_complete", "phase": "bottleneck", "candidate_id": "tune_0931f9baa6a9"}
{"event": "group_complete", "phase": "bottleneck", "candidate_id": "tune_be23e41e231e"}
{"event": "group_complete", "phase": "bottleneck", "candidate_id": "tune_c9a037a7909b"}
{"event": "group_complete", "phase": "bottleneck", "candidate_id": "tune_05e49cdd6f50"}
{"event": "group_complete", "phase": "bottleneck", "candidate_id": "tune_4d0a5ba03de8"}
{"event": "group_complete", "phase": "bottleneck", "candidate_id": "tune_fa68ed7f5549"}
{"event": "group_complete", "phase": "bottleneck", "candidate_id": "tune_742dd044cf73"}
{"event": "group_complete", "phase": "bottleneck", "candidate_id": "tune_493cc8c12a4c"}
{"event": "group_complete", "phase": "bottleneck", "candidate_id": "tune_64524f326802"}
{"event": "group_complete", "phase": "bottleneck", "candidate_id": "tune_e9d540819bd6"}
{"event": "group_complete", "phase": "bottleneck", "candidate_id": "tune_71a973411dbd"}
{"event": "group_complete", "phase": "bottleneck", "candidate_id": "tune_586a4e90e8fc"}
{"event": "group_complete", "phase": "bottleneck", "candidate_id": "tune_11f29e9e9a84"}
{"event": "group_complete", "phase": "bottleneck", "candidate_id": "tune_aac75cd1bf84"}
{"event": "group_complete", "phase": "bottleneck", "candidate_id": "tune_10cd3fcd75b5"}
{"event": "group_complete", "phase": "bottleneck", "candidate_id": "tune_02c2ef4a1fc2"}
{"event": "group_complete", "phase": "bottleneck", "candidate_id": "tune_b90db13f808e"}
{"event": "group_complete", "phase": "bottleneck", "candidate_id": "tune_243464ffbdd4"}
{"event": "group_complete", "phase": "bottleneck", "candidate_id": "tune_01f0740f0df4"}
{"event": "group_complete", "phase": "bottleneck", "candidate_id": "tune_de4b4b073cc1"}
{"event": "group_complete", "phase": "bottleneck", "candidate_id": "tune_b778240ea87d"}
{"event": "group_complete", "phase": "bottleneck", "candidate_id": "tune_7408621778af"}
{"event": "group_complete", "phase": "bottleneck", "candidate_id": "tune_65a3d13e71e4"}
{"event": "group_complete", "phase": "bottleneck", "candidate_id": "tune_5ec31d65e313"}
{"event": "group_complete", "phase": "bottleneck", "candidate_id": "tune_64b0a4142926"}
{"event": "group_complete", "phase": "bottleneck", "candidate_id": "tune_452cbae65e9e"}
{"event": "group_complete", "phase": "bottleneck", "candidate_id": "tune_8ea58ccfc4f0"}
{"event": "group_complete", "phase": "bottleneck", "candidate_id": "tune_c4115e093af0"}
{"event": "group_complete", "phase": "bottleneck", "candidate_id": "tune_07cfc8ec077a"}
{"event": "group_complete", "phase": "bottleneck", "candidate_id": "tune_fe4c3f5edf74"}
{"event": "group_complete", "phase": "bottleneck", "candidate_id": "tune_968d23d1b5d8"}
{"event": "group_complete", "phase": "bottleneck", "candidate_id": "tune_f6da71bff793"}
{"event": "group_complete", "phase": "bottleneck", "candidate_id": "tune_242c263d78b6"}
{"event": "group_complete", "phase": "bottleneck", "candidate_id": "tune_74e491f663dd"}
{"event": "group_complete", "phase": "bottleneck", "candidate_id": "tune_5a91a2ccb52a"}
{"event": "group_complete", "phase": "bottleneck", "candidate_id": "tune_c323326c6a51"}
{"event": "group_complete", "phase": "bottleneck", "candidate_id": "tune_1ef3abbee796"}
{"event": "group_complete", "phase": "bottleneck", "candidate_id": "tune_6f09016ead9e"}
{"event": "group_complete", "phase": "bottleneck", "candidate_id": "tune_6351b228f3ab"}
{"event": "group_complete", "phase": "bottleneck", "candidate_id": "tune_a79dc1a44222"}
{"event": "group_complete", "phase": "bottleneck", "candidate_id": "tune_2be247fa4896"}
{"event": "group_complete", "phase": "bottleneck", "candidate_id": "tune_80ac3360f482"}
{"event": "group_complete", "phase": "bottleneck", "candidate_id": "tune_6195fcf796a1"}
{"event": "group_complete", "phase": "bottleneck", "candidate_id": "tune_972e88dd6469"}
{"event": "group_complete", "phase": "bottleneck", "candidate_id": "tune_fd1d40e41576"}
{"event": "group_complete", "phase": "bottleneck", "candidate_id": "tune_0cc4cc273d09"}
{"event": "group_complete", "phase": "bottleneck", "candidate_id": "tune_9b0753b6814d"}
{"event": "group_complete", "phase": "bottleneck", "candidate_id": "tune_c0375f0e71e7"}
{"event": "group_complete", "phase": "bottleneck", "candidate_id": "tune_501d6fbc2ed0"}
{"event": "group_complete", "phase": "bottleneck", "candidate_id": "tune_34af7f636b03"}
{"event": "group_complete", "phase": "bottleneck", "candidate_id": "tune_5afef9eb8e86"}
{"event": "group_complete", "phase": "bottleneck", "candidate_id": "tune_7874e2e40264"}
{"event": "group_complete", "phase": "bottleneck", "candidate_id": "tune_86ab6b4cb097"}
{"event": "group_complete", "phase": "bottleneck", "candidate_id": "tune_f772e95e90e8"}
{"event": "group_complete", "phase": "bottleneck", "candidate_id": "tune_68c6b74e8d29"}
{"event": "group_complete", "phase": "bottleneck", "candidate_id": "tune_ff79f9624eeb"}
{"event": "group_complete", "phase": "bottleneck", "candidate_id": "tune_7175a1c0b14b"}
{"event": "group_complete", "phase": "bottleneck", "candidate_id": "tune_a35def1b35a0"}
{"event": "group_complete", "phase": "bottleneck", "candidate_id": "tune_ca59e35b3b7d"}
{"event": "group_complete", "phase": "bottleneck", "candidate_id": "tune_ed212487cd13"}
{"event": "group_complete", "phase": "bottleneck", "candidate_id": "tune_7142b8637766"}
{"event": "group_complete", "phase": "bottleneck", "candidate_id": "tune_fd9dfddc1bc7"}
{"event": "group_complete", "phase": "bottleneck", "candidate_id": "tune_ee5973f9ca64"}
{"event": "group_complete", "phase": "bottleneck", "candidate_id": "tune_366641672144"}
{"event": "group_complete", "phase": "bottleneck", "candidate_id": "tune_8a3c1a57f4fe"}
{"event": "group_complete", "phase": "bottleneck", "candidate_id": "tune_aeac150dc478"}
{"event": "group_complete", "phase": "bottleneck", "candidate_id": "tune_c7c860283307"}
{"event": "group_complete", "phase": "bottleneck", "candidate_id": "tune_36ccad743e7a"}
{"event": "group_complete", "phase": "bottleneck", "candidate_id": "tune_096f1c233f5c"}
{"event": "group_complete", "phase": "bottleneck", "candidate_id": "tune_7a83fb81975c"}
{"event": "group_complete", "phase": "bottleneck", "candidate_id": "tune_80cf5050b802"}
{"event": "group_complete", "phase": "bottleneck", "candidate_id": "tune_2ed8ad379b15"}
{"event": "group_complete", "phase": "bottleneck", "candidate_id": "tune_e34df2b34a9c"}
{"event": "group_complete", "phase": "bottleneck", "candidate_id": "tune_593bb6c20474"}
{"event": "group_complete", "phase": "bottleneck", "candidate_id": "tune_47b8f8e01a41"}
{"event": "group_complete", "phase": "bottleneck", "candidate_id": "tune_0623510c40c6"}
{"event": "group_complete", "phase": "bottleneck", "candidate_id": "tune_a4b9585fa275"}
{"event": "group_complete", "phase": "bottleneck", "candidate_id": "tune_7aaa6eca5867"}
{"event": "group_complete", "phase": "bottleneck", "candidate_id": "tune_1c7a177c777e"}
{"event": "group_complete", "phase": "bottleneck", "candidate_id": "tune_52fd5bf841b6"}
{"event": "group_complete", "phase": "bottleneck", "candidate_id": "tune_663ef28253fd"}
{"event": "group_complete", "phase": "bottleneck", "candidate_id": "tune_9980e7e5965e"}
{"event": "group_complete", "phase": "bottleneck", "candidate_id": "tune_05404485bbea"}
{"event": "group_complete", "phase": "bottleneck", "candidate_id": "tune_ed9077403122"}
{"event": "group_complete", "phase": "bottleneck", "candidate_id": "tune_7d3300035691"}
{"event": "group_complete", "phase": "bottleneck", "candidate_id": "tune_ecda94a09262"}
{"event": "group_complete", "phase": "bottleneck", "candidate_id": "tune_9c3bf007b038"}
{"event": "group_complete", "phase": "bottleneck", "candidate_id": "tune_381351ea2619"}
{"event": "group_complete", "phase": "bottleneck", "candidate_id": "tune_ef8cc18c3b6e"}
{"event": "group_complete", "phase": "bottleneck", "candidate_id": "tune_eb30a592a963"}
{"event": "group_complete", "phase": "bottleneck", "candidate_id": "tune_3b3286a4c67d"}
{"event": "group_complete", "phase": "bottleneck", "candidate_id": "tune_9d7b5173ee87"}
{"event": "group_complete", "phase": "bottleneck", "candidate_id": "tune_5d69beb5499b"}
{"event": "group_complete", "phase": "bottleneck", "candidate_id": "tune_a07c27e5ba27"}
{"event": "group_complete", "phase": "bottleneck", "candidate_id": "tune_cc6847e71321"}
{"event": "group_complete", "phase": "bottleneck", "candidate_id": "tune_d01f4ec76164"}
{"event": "group_complete", "phase": "bottleneck", "candidate_id": "tune_09cf56020630"}
{"event": "group_complete", "phase": "bottleneck", "candidate_id": "tune_759a2d4e2034"}
{"event": "group_complete", "phase": "bottleneck", "candidate_id": "tune_50ed647d5ee5"}
{"event": "group_complete", "phase": "bottleneck", "candidate_id": "tune_02962416f661"}
{"event": "group_complete", "phase": "bottleneck", "candidate_id": "tune_4e02a60adf0d"}
{"event": "group_complete", "phase": "bottleneck", "candidate_id": "tune_386135fb6eef"}
{"event": "group_complete", "phase": "bottleneck", "candidate_id": "tune_25bcffdb80fd"}
{"event": "group_complete", "phase": "bottleneck", "candidate_id": "tune_1052a586c3ff"}
{"event": "group_complete", "phase": "bottleneck", "candidate_id": "tune_8314085f3fbd"}
{"event": "group_complete", "phase": "bottleneck", "candidate_id": "tune_0778cc369581"}
{"event": "group_complete", "phase": "bottleneck", "candidate_id": "tune_bcef8c3339f2"}
{"event": "group_complete", "phase": "bottleneck", "candidate_id": "tune_ada403324ddb"}
{"event": "group_complete", "phase": "bottleneck", "candidate_id": "tune_b4db307a15e9"}
{"event": "group_complete", "phase": "bottleneck", "candidate_id": "tune_efcedf8b5b69"}
{"event": "group_complete", "phase": "bottleneck", "candidate_id": "tune_0cad03de62f9"}
{"event": "group_complete", "phase": "bottleneck", "candidate_id": "tune_fc83797523ea"}
{"event": "group_complete", "phase": "bottleneck", "candidate_id": "tune_4428e1c57aba"}
{"event": "group_complete", "phase": "bottleneck", "candidate_id": "tune_235a4f28fc61"}
{"event": "group_complete", "phase": "bottleneck", "candidate_id": "tune_3d58fd8fc941"}
{"event": "group_complete", "phase": "bottleneck", "candidate_id": "tune_afabf70f72bf"}
{"event": "group_complete", "phase": "bottleneck", "candidate_id": "tune_b0bf4ec8f363"}
{"event": "group_complete", "phase": "bottleneck", "candidate_id": "tune_cedb98bbd823"}
{"event": "group_complete", "phase": "bottleneck", "candidate_id": "tune_aaf0659d5d60"}
{"event": "group_complete", "phase": "bottleneck", "candidate_id": "tune_b1f384f7c109"}
{"event": "group_complete", "phase": "bottleneck", "candidate_id": "tune_578bf9468775"}
{"event": "group_complete", "phase": "bottleneck", "candidate_id": "tune_04e6b65fdbfc"}
{"event": "group_complete", "phase": "bottleneck", "candidate_id": "tune_3e4bcde058b7"}
{"event": "group_complete", "phase": "bottleneck", "candidate_id": "tune_37254cd2c206"}
{"event": "group_complete", "phase": "bottleneck", "candidate_id": "tune_731839248657"}
{"event": "group_complete", "phase": "bottleneck", "candidate_id": "tune_81feb56038d2"}
{"event": "group_complete", "phase": "bottleneck", "candidate_id": "tune_d47f9068e221"}
{"event": "group_complete", "phase": "bottleneck", "candidate_id": "tune_69a689a9787e"}
{"event": "group_complete", "phase": "bottleneck", "candidate_id": "tune_45817c25097b"}
{"event": "group_complete", "phase": "bottleneck", "candidate_id": "tune_73c0105526bf"}
{"event": "group_complete", "phase": "bottleneck", "candidate_id": "tune_fd8ec1eb1cbc"}
{"event": "group_complete", "phase": "bottleneck", "candidate_id": "tune_112a790f143d"}
{"event": "group_complete", "phase": "bottleneck", "candidate_id": "tune_9797b0e49540"}
{"event": "group_complete", "phase": "bottleneck", "candidate_id": "tune_be1c46ff1569"}
{"event": "group_complete", "phase": "bottleneck", "candidate_id": "tune_cac2d9d9fb9e"}
{"event": "group_complete", "phase": "bottleneck", "candidate_id": "tune_b2bf6e7d7279"}
{"event": "group_complete", "phase": "bottleneck", "candidate_id": "tune_a302d6663a01"}
{"event": "group_complete", "phase": "bottleneck", "candidate_id": "tune_5f7269ce7bf2"}
{"event": "group_complete", "phase": "bottleneck", "candidate_id": "tune_51d5e79a4077"}
{"event": "group_complete", "phase": "bottleneck", "candidate_id": "tune_b60d28e406cf"}
{"event": "group_complete", "phase": "bottleneck", "candidate_id": "tune_e63579accc42"}
{"event": "group_complete", "phase": "bottleneck", "candidate_id": "tune_a2f491711a25"}
{"event": "group_complete", "phase": "bottleneck", "candidate_id": "tune_73ef376a85bd"}
{"event": "group_complete", "phase": "bottleneck", "candidate_id": "tune_63675e925fb7"}
{"event": "group_complete", "phase": "bottleneck", "candidate_id": "tune_d1644eae4a50"}
{"event": "group_complete", "phase": "bottleneck", "candidate_id": "tune_e5548212bd87"}
{"event": "group_complete", "phase": "bottleneck", "candidate_id": "tune_b36e813b29d5"}
{"event": "group_complete", "phase": "bottleneck", "candidate_id": "tune_c6fea38f9675"}
{"event": "group_complete", "phase": "bottleneck", "candidate_id": "tune_8f39f23c8718"}
{"event": "group_complete", "phase": "bottleneck", "candidate_id": "tune_cd716e6332fe"}
{"event": "group_complete", "phase": "bottleneck", "candidate_id": "x0352_daily_baseline"}
{"event": "group_complete", "phase": "bottleneck", "candidate_id": "tune_d5f4e7219e82"}
{"event": "group_complete", "phase": "screen", "candidate_id": "x0352_daily_baseline"}
{"event": "group_complete", "phase": "screen", "candidate_id": "tune_d5f4e7219e82"}
{"event": "group_complete", "phase": "screen", "candidate_id": "tune_1174d1ff30e9"}
{"event": "group_complete", "phase": "screen", "candidate_id": "tune_0341cf71459e"}
{"event": "group_complete", "phase": "screen", "candidate_id": "tune_5b8776fae6a1"}
{"event": "group_complete", "phase": "screen", "candidate_id": "tune_41604de3dc2a"}
{"event": "group_complete", "phase": "screen", "candidate_id": "tune_050d83df1480"}
{"event": "group_complete", "phase": "screen", "candidate_id": "tune_2bdb900a90c7"}
{"event": "group_complete", "phase": "screen", "candidate_id": "tune_7874e2e40264"}
{"event": "group_complete", "phase": "screen", "candidate_id": "tune_5d5429734593"}
{"event": "group_complete", "phase": "screen", "candidate_id": "tune_bd2663a6464e"}
{"event": "group_complete", "phase": "screen", "candidate_id": "tune_6eadb512258f"}
{"event": "group_complete", "phase": "screen", "candidate_id": "tune_ca42feb67cab"}
{"event": "group_complete", "phase": "screen", "candidate_id": "tune_07cfc8ec077a"}
{"event": "group_complete", "phase": "development", "candidate_id": "x0352_daily_baseline"}
{"event": "group_complete", "phase": "development", "candidate_id": "tune_d5f4e7219e82"}
{"event": "group_complete", "phase": "development", "candidate_id": "tune_6eadb512258f"}
{"event": "group_complete", "phase": "development", "candidate_id": "tune_0341cf71459e"}
{"event": "group_complete", "phase": "development", "candidate_id": "tune_2bdb900a90c7"}
{"event": "group_complete", "phase": "development", "candidate_id": "tune_ca42feb67cab"}
{"event": "group_complete", "phase": "development", "candidate_id": "tune_07cfc8ec077a"}
{"event": "group_complete", "phase": "development", "candidate_id": "tune_050d83df1480"}
{"event": "group_complete", "phase": "validation", "candidate_id": "x0352_daily_baseline"}
{"event": "group_complete", "phase": "validation", "candidate_id": "tune_d5f4e7219e82"}
{"event": "group_complete", "phase": "validation", "candidate_id": "tune_0341cf71459e"}
{"event": "group_complete", "phase": "validation", "candidate_id": "tune_6eadb512258f"}
{"event": "group_complete", "phase": "validation", "candidate_id": "tune_2bdb900a90c7"}
{"event": "group_complete", "phase": "validation", "candidate_id": "tune_ca42feb67cab"}
{"event": "group_complete", "phase": "validation", "candidate_id": "tune_07cfc8ec077a"}
{"event": "group_complete", "phase": "validation", "candidate_id": "tune_050d83df1480"}
{"event": "group_complete", "phase": "holdout", "candidate_id": "x0352_daily_baseline"}
{"event": "group_complete", "phase": "holdout", "candidate_id": "tune_d5f4e7219e82"}
{"event": "group_complete", "phase": "holdout", "candidate_id": "tune_6eadb512258f"}
{"event": "group_complete", "phase": "recent", "candidate_id": "x0352_daily_baseline"}
{"event": "group_complete", "phase": "recent", "candidate_id": "tune_d5f4e7219e82"}
{"event": "group_complete", "phase": "recent", "candidate_id": "tune_6eadb512258f"}
{"event": "group_complete", "phase": "seasonal", "candidate_id": "x0352_daily_baseline"}
{"event": "group_complete", "phase": "seasonal", "candidate_id": "tune_d5f4e7219e82"}
{"event": "group_complete", "phase": "seasonal", "candidate_id": "tune_6eadb512258f"}
{"event": "group_complete", "phase": "rolling_recent", "candidate_id": "x0352_daily_baseline"}
{"event": "group_complete", "phase": "rolling_recent", "candidate_id": "tune_6eadb512258f"}
