{"event": "group_complete", "phase": "baseline_reproduction", "candidate_id": "x0352_daily_baseline"}
{"event": "group_complete", "phase": "screen_A", "candidate_id": "tune_8fa79a260cc4"}
{"event": "group_complete", "phase": "screen_A", "candidate_id": "tune_3ae9d4e9f194"}
{"event": "group_complete", "phase": "screen_A", "candidate_id": "tune_b16d529bb7ba"}
{"event": "group_complete", "phase": "screen_A", "candidate_id": "x0352_daily_baseline"}
{"event": "group_complete", "phase": "screen_A", "candidate_id": "tune_133e955e274f"}
{"event": "group_complete", "phase": "screen_A", "candidate_id": "tune_6f0e3694daa5"}
{"event": "group_complete", "phase": "screen_A", "candidate_id": "tune_9026d08de0cb"}
{"event": "group_complete", "phase": "screen_A", "candidate_id": "tune_fe07d2bdffb6"}
{"event": "group_complete", "phase": "screen_A", "candidate_id": "tune_7adbaee5c563"}
{"event": "group_complete", "phase": "screen_A", "candidate_id": "tune_916888175244"}
{"event": "group_complete", "phase": "screen_A", "candidate_id": "tune_cb4a2f1fb306"}
{"event": "group_complete", "phase": "screen_A", "candidate_id": "tune_4a0d744bccc0"}
{"event": "group_complete", "phase": "screen_A", "candidate_id": "tune_77fdc2cc4097"}
{"event": "group_complete", "phase": "screen_A", "candidate_id": "tune_b6575025caf7"}
{"event": "group_complete", "phase": "screen_A", "candidate_id": "tune_57dc591161c0"}
{"event": "group_complete", "phase": "screen_A", "candidate_id": "tune_1fdd48c3a20b"}
{"event": "group_complete", "phase": "screen_A", "candidate_id": "tune_e722d4dacdc9"}
{"event": "group_complete", "phase": "screen_A", "candidate_id": "tune_40593a8badbd"}
{"event": "group_complete", "phase": "screen_A", "candidate_id": "tune_b7d7cd310a07"}
{"event": "group_complete", "phase": "screen_A", "candidate_id": "tune_95bb9ef8c4c7"}
{"event": "group_complete", "phase": "screen_B", "candidate_id": "tune_a17074622884"}
{"event": "group_complete", "phase": "screen_B", "candidate_id": "tune_1074ba6ce05d"}
{"event": "group_complete", "phase": "screen_B", "candidate_id": "tune_26b857e0d466"}
{"event": "group_complete", "phase": "screen_B", "candidate_id": "tune_967ea37feb04"}
{"event": "group_complete", "phase": "screen_B", "candidate_id": "tune_cd479d0ad269"}
{"event": "group_complete", "phase": "screen_B", "candidate_id": "tune_d1895cd9e061"}
{"event": "group_complete", "phase": "screen_B", "candidate_id": "tune_90cdc60d5494"}
{"event": "group_complete", "phase": "screen_B", "candidate_id": "tune_15c1cf7173f7"}
{"event": "group_complete", "phase": "screen_B", "candidate_id": "tune_146cc7ec18a1"}
{"event": "group_complete", "phase": "screen_B", "candidate_id": "tune_15534274633f"}
{"event": "group_complete", "phase": "screen_B", "candidate_id": "tune_f1d75008d44d"}
{"event": "group_complete", "phase": "screen_B", "candidate_id": "tune_4e126623e215"}
{"event": "group_complete", "phase": "screen_B", "candidate_id": "tune_7fb7515ad804"}
{"event": "group_complete", "phase": "screen_B", "candidate_id": "tune_5720657e9a7f"}
{"event": "group_complete", "phase": "screen_B", "candidate_id": "tune_ccc268e2a40c"}
{"event": "group_complete", "phase": "screen_B", "candidate_id": "tune_df0985365338"}
{"event": "group_complete", "phase": "screen_B", "candidate_id": "tune_bf700f7e86e5"}
{"event": "group_complete", "phase": "screen_B", "candidate_id": "tune_622a81f7e796"}
{"event": "group_complete", "phase": "screen_B", "candidate_id": "tune_d50dfe6ae55e"}
{"event": "group_complete", "phase": "screen_B", "candidate_id": "tune_029db44dd22a"}
{"event": "group_complete", "phase": "screen_B", "candidate_id": "tune_57dc591161c0"}
{"event": "group_complete", "phase": "screen_B", "candidate_id": "tune_958f6fb4a94a"}
{"event": "group_complete", "phase": "screen_B", "candidate_id": "tune_d4ad76ccc4f8"}
{"event": "group_complete", "phase": "screen_B", "candidate_id": "tune_78dddcac8052"}
{"event": "group_complete", "phase": "screen_B", "candidate_id": "tune_c14f3801b97e"}
{"event": "group_complete", "phase": "screen_B", "candidate_id": "tune_f1dbf1ee9053"}
{"event": "group_complete", "phase": "screen_B", "candidate_id": "tune_79818c2fc151"}
{"event": "group_complete", "phase": "screen_B", "candidate_id": "tune_4bed266fa995"}
{"event": "group_complete", "phase": "screen_B", "candidate_id": "tune_063278090fb5"}
{"event": "group_complete", "phase": "screen_B", "candidate_id": "tune_de760216f1a7"}
{"event": "group_complete", "phase": "screen_B", "candidate_id": "tune_d0b012b15e22"}
{"event": "group_complete", "phase": "screen_B", "candidate_id": "tune_c8a33f948e3d"}
{"event": "group_complete", "phase": "screen_B", "candidate_id": "tune_047397aaf3e1"}
{"event": "group_complete", "phase": "screen_B", "candidate_id": "tune_7d70f2c393a6"}
{"event": "group_complete", "phase": "screen_B", "candidate_id": "tune_612e274b632d"}
{"event": "group_complete", "phase": "screen_B", "candidate_id": "tune_2641cdea484b"}
{"event": "group_complete", "phase": "screen_B", "candidate_id": "tune_4d9de6e4709d"}
{"event": "group_complete", "phase": "screen_B", "candidate_id": "tune_54d71d119539"}
{"event": "group_complete", "phase": "screen_B", "candidate_id": "tune_63ae30fbfe6b"}
{"event": "group_complete", "phase": "screen_B", "candidate_id": "tune_522ea4bf09ce"}
{"event": "group_complete", "phase": "screen_B", "candidate_id": "tune_28919403ca97"}
{"event": "group_complete", "phase": "screen_B", "candidate_id": "tune_78dbbfc6a62c"}
{"event": "group_complete", "phase": "screen_B", "candidate_id": "tune_d3115ec77d32"}
{"event": "group_complete", "phase": "screen_B", "candidate_id": "tune_ec3320b1d35a"}
{"event": "group_complete", "phase": "screen_B", "candidate_id": "tune_1cc239f41b45"}
{"event": "group_complete", "phase": "screen_B", "candidate_id": "tune_b34c16460ad4"}
{"event": "group_complete", "phase": "screen_B", "candidate_id": "tune_901df1189051"}
{"event": "group_complete", "phase": "screen_B", "candidate_id": "tune_f713658a6b26"}
{"event": "group_complete", "phase": "screen_B", "candidate_id": "tune_b0b6e04b9b08"}
{"event": "group_complete", "phase": "screen_B", "candidate_id": "tune_f60674b9b6dd"}
{"event": "group_complete", "phase": "screen_B", "candidate_id": "tune_0ffdc51a0a04"}
{"event": "group_complete", "phase": "screen_B", "candidate_id": "tune_f6832ca7942f"}
{"event": "group_complete", "phase": "screen_B", "candidate_id": "tune_8a136da6e4ae"}
{"event": "group_complete", "phase": "screen_B", "candidate_id": "tune_b0a0626dd773"}
{"event": "group_complete", "phase": "screen_B", "candidate_id": "tune_ae5e47a3438c"}
{"event": "group_complete", "phase": "screen_B", "candidate_id": "tune_aa4dc85b1961"}
{"event": "group_complete", "phase": "screen_B", "candidate_id": "tune_a52d29faac59"}
{"event": "group_complete", "phase": "screen_B", "candidate_id": "tune_40c462f37029"}
{"event": "group_complete", "phase": "screen_B", "candidate_id": "tune_d4af1ecb4cbb"}
{"event": "group_complete", "phase": "screen_B", "candidate_id": "tune_a288ce68f77f"}
{"event": "group_complete", "phase": "screen_B", "candidate_id": "tune_a376c3d9455b"}
{"event": "group_complete", "phase": "screen_B", "candidate_id": "tune_cf2a827caae4"}
{"event": "group_complete", "phase": "screen_B", "candidate_id": "tune_474374981e80"}
{"event": "group_complete", "phase": "screen_B", "candidate_id": "tune_9b4aabb5dfd4"}
{"event": "group_complete", "phase": "screen_B", "candidate_id": "tune_a0cfb5a01899"}
{"event": "group_complete", "phase": "screen_B", "candidate_id": "tune_3c42933d3dad"}
{"event": "group_complete", "phase": "screen_C", "candidate_id": "tune_4ad8f40f919c"}
{"event": "group_complete", "phase": "screen_C", "candidate_id": "tune_b59d9c85c7ce"}
{"event": "group_complete", "phase": "screen_C", "candidate_id": "tune_9843bca1ee3b"}
{"event": "group_complete", "phase": "screen_C", "candidate_id": "tune_9b4aabb5dfd4"}
{"event": "group_complete", "phase": "screen_C", "candidate_id": "tune_cf1b1e95617a"}
{"event": "group_complete", "phase": "screen_C", "candidate_id": "tune_34ffaa954600"}
{"event": "group_complete", "phase": "screen_C", "candidate_id": "tune_93317257813e"}
{"event": "group_complete", "phase": "screen_C", "candidate_id": "tune_4382a9e1bca9"}
{"event": "group_complete", "phase": "screen_C", "candidate_id": "tune_d213bd27ceb1"}
{"event": "group_complete", "phase": "screen_C", "candidate_id": "tune_2fe2cbfba852"}
{"event": "group_complete", "phase": "screen_C", "candidate_id": "tune_fe5dee029c9a"}
{"event": "group_complete", "phase": "screen_C", "candidate_id": "tune_d1cc64370fa5"}
{"event": "group_complete", "phase": "screen_C", "candidate_id": "tune_68783cc9d5d1"}
{"event": "group_complete", "phase": "screen_C", "candidate_id": "tune_c316be667b85"}
{"event": "group_complete", "phase": "screen_C", "candidate_id": "tune_c7a9abf1a433"}
{"event": "group_complete", "phase": "screen_C", "candidate_id": "tune_5b52f2e8ccba"}
{"event": "group_complete", "phase": "screen_C", "candidate_id": "tune_ecde4fc3a00e"}
{"event": "group_complete", "phase": "screen_C", "candidate_id": "tune_1411b15cc622"}
{"event": "group_complete", "phase": "screen_C", "candidate_id": "tune_865eebc2b755"}
{"event": "group_complete", "phase": "screen_D", "candidate_id": "tune_2b74dd157842"}
{"event": "group_complete", "phase": "screen_D", "candidate_id": "tune_6b66ae1e71ac"}
{"event": "group_complete", "phase": "screen_D", "candidate_id": "tune_a6c3f808a73b"}
{"event": "group_complete", "phase": "screen_D", "candidate_id": "tune_7a27e4795ebe"}
{"event": "group_complete", "phase": "screen_D", "candidate_id": "tune_99ff18415b04"}
{"event": "group_complete", "phase": "screen_D", "candidate_id": "tune_2d4e59598033"}
{"event": "group_complete", "phase": "screen_D", "candidate_id": "tune_186972a2375a"}
{"event": "group_complete", "phase": "screen_D", "candidate_id": "tune_ced9b352fa5e"}
{"event": "group_complete", "phase": "screen_D", "candidate_id": "tune_62d05ede94e3"}
{"event": "group_complete", "phase": "screen_D", "candidate_id": "tune_3152d48edb80"}
{"event": "group_complete", "phase": "screen_D", "candidate_id": "tune_fbfaf07cdf65"}
{"event": "group_complete", "phase": "screen_D", "candidate_id": "tune_f5cc77318b02"}
{"event": "group_complete", "phase": "screen_D", "candidate_id": "tune_0f1190fc3b44"}
{"event": "group_complete", "phase": "screen_D", "candidate_id": "tune_4f02e82ad5a6"}
{"event": "group_complete", "phase": "screen_D", "candidate_id": "tune_fe5dee029c9a"}
{"event": "group_complete", "phase": "screen_D", "candidate_id": "tune_c0cb2d97c388"}
{"event": "group_complete", "phase": "screen_D", "candidate_id": "tune_ca70d777c5c6"}
{"event": "group_complete", "phase": "screen_D", "candidate_id": "tune_93ba9201410c"}
{"event": "group_complete", "phase": "screen_D", "candidate_id": "tune_48f4c59308fe"}
{"event": "group_complete", "phase": "screen_D", "candidate_id": "tune_b1a693b302cb"}
{"event": "group_complete", "phase": "screen_D", "candidate_id": "tune_f3869e04aaf7"}
{"event": "group_complete", "phase": "screen_D", "candidate_id": "tune_b7c32b870663"}
{"event": "group_complete", "phase": "screen_D", "candidate_id": "tune_aabb2775e999"}
{"event": "group_complete", "phase": "screen_D", "candidate_id": "tune_6ddbe64ad3c0"}
{"event": "group_complete", "phase": "screen_D", "candidate_id": "tune_70764158158b"}
{"event": "group_complete", "phase": "screen_D", "candidate_id": "tune_ba8a2e2c3bb4"}
{"event": "group_complete", "phase": "screen_D", "candidate_id": "tune_35c1d12a94c0"}
{"event": "group_complete", "phase": "screen_D", "candidate_id": "tune_59bc35a77099"}
{"event": "group_complete", "phase": "screen_D", "candidate_id": "tune_cde727e6db83"}
{"event": "group_complete", "phase": "screen_D", "candidate_id": "tune_83492a4a8773"}
{"event": "group_complete", "phase": "screen_D", "candidate_id": "tune_60363f4c5fbd"}
{"event": "group_complete", "phase": "screen_D", "candidate_id": "tune_bbd395326b76"}
{"event": "group_complete", "phase": "screen_D", "candidate_id": "tune_9d3f3f03ffc1"}
{"event": "group_complete", "phase": "screen_D", "candidate_id": "tune_e73702a15486"}
{"event": "group_complete", "phase": "screen_D", "candidate_id": "tune_5cccebee6f9e"}
{"event": "group_complete", "phase": "screen_D", "candidate_id": "tune_c8e7738685ad"}
{"event": "group_complete", "phase": "screen_D", "candidate_id": "tune_602535d35c7a"}
{"event": "group_complete", "phase": "screen_D", "candidate_id": "tune_903fb29185ad"}
{"event": "group_complete", "phase": "screen_D", "candidate_id": "tune_049cbdc0fb34"}
{"event": "group_complete", "phase": "screen_D", "candidate_id": "tune_303ade4f1c7a"}
{"event": "group_complete", "phase": "screen_D", "candidate_id": "tune_5ef2b9fb7e80"}
{"event": "group_complete", "phase": "screen_D", "candidate_id": "tune_289f32ed4550"}
{"event": "group_complete", "phase": "screen_E", "candidate_id": "tune_48681dd597a1"}
{"event": "group_complete", "phase": "screen_E", "candidate_id": "tune_602535d35c7a"}
{"event": "group_complete", "phase": "screen_E", "candidate_id": "tune_3c51195e9343"}
{"event": "group_complete", "phase": "screen_E", "candidate_id": "tune_d5eaf530cea8"}
{"event": "group_complete", "phase": "screen_E", "candidate_id": "tune_8730e0f06c60"}
{"event": "group_complete", "phase": "screen_E", "candidate_id": "tune_d77c7cdd45ea"}
{"event": "group_complete", "phase": "screen_E", "candidate_id": "tune_b3597b204c85"}
{"event": "group_complete", "phase": "screen_E", "candidate_id": "tune_d6ba6c23bbc3"}
{"event": "group_complete", "phase": "screen_E", "candidate_id": "tune_4bdad17c2c61"}
{"event": "group_complete", "phase": "screen_E", "candidate_id": "tune_21a3cc0abdbc"}
{"event": "group_complete", "phase": "screen_E", "candidate_id": "tune_05407b77b68a"}
{"event": "group_complete", "phase": "screen_E", "candidate_id": "tune_93cabc25562d"}
{"event": "group_complete", "phase": "screen_E", "candidate_id": "tune_857b46091cd8"}
{"event": "group_complete", "phase": "screen_E", "candidate_id": "tune_0c91cf62c184"}
{"event": "group_complete", "phase": "screen_E", "candidate_id": "tune_35ce736ebbb4"}
{"event": "group_complete", "phase": "screen_E", "candidate_id": "tune_901ada1dabc3"}
{"event": "group_complete", "phase": "screen_E", "candidate_id": "tune_12fc32527c2f"}
{"event": "group_complete", "phase": "screen_E", "candidate_id": "tune_9f13c6ba92db"}
{"event": "group_complete", "phase": "screen_E", "candidate_id": "tune_0faabea4019f"}
{"event": "group_complete", "phase": "screen_E", "candidate_id": "tune_c0c8ee48fafd"}
{"event": "group_complete", "phase": "screen_E", "candidate_id": "tune_2a857ca17ee8"}
{"event": "group_complete", "phase": "screen_F", "candidate_id": "tune_3bff5cac351a"}
{"event": "group_complete", "phase": "screen_F", "candidate_id": "tune_ebf93ab1c0e5"}
{"event": "group_complete", "phase": "screen_F", "candidate_id": "tune_d6ba6c23bbc3"}
{"event": "group_complete", "phase": "screen_F", "candidate_id": "tune_55ee93a8d6d6"}
{"event": "group_complete", "phase": "screen_F", "candidate_id": "tune_57ca837f4dfc"}
{"event": "group_complete", "phase": "screen_F", "candidate_id": "tune_832de03d900e"}
{"event": "group_complete", "phase": "screen_F", "candidate_id": "tune_4de6aa28fe8e"}
{"event": "group_complete", "phase": "screen_F", "candidate_id": "tune_358ec2816604"}
{"event": "group_complete", "phase": "screen_F", "candidate_id": "tune_21a3cc0abdbc"}
{"event": "group_complete", "phase": "screen_F", "candidate_id": "tune_89e9666e4f96"}
{"event": "group_complete", "phase": "screen_F", "candidate_id": "tune_78d170b8dff9"}
{"event": "group_complete", "phase": "screen_F", "candidate_id": "tune_5fa668940c99"}
{"event": "group_complete", "phase": "screen_F", "candidate_id": "tune_62a6b53153b8"}
{"event": "group_complete", "phase": "screen_F", "candidate_id": "tune_f44b91a7f482"}
{"event": "group_complete", "phase": "screen_F", "candidate_id": "tune_dcd7bc955e6d"}
{"event": "group_complete", "phase": "screen_F", "candidate_id": "tune_3e53612bdd14"}
{"event": "group_complete", "phase": "screen_F", "candidate_id": "tune_cdf91b93d781"}
{"event": "group_complete", "phase": "screen_F", "candidate_id": "tune_4bdad17c2c61"}
{"event": "group_complete", "phase": "screen_F", "candidate_id": "tune_3d4b001c3f76"}
{"event": "group_complete", "phase": "screen_F", "candidate_id": "tune_ca57d575298d"}
{"event": "group_complete", "phase": "screen_F", "candidate_id": "tune_3f63fcadce8f"}
{"event": "group_complete", "phase": "screen_F", "candidate_id": "tune_be7a64aa3ecb"}
{"event": "group_complete", "phase": "screen_F", "candidate_id": "tune_3a8a81405f99"}
{"event": "group_complete", "phase": "screen_F", "candidate_id": "tune_09aa047ebc86"}
{"event": "group_complete", "phase": "screen_F", "candidate_id": "tune_5ea36787b06b"}
{"event": "group_complete", "phase": "screen_F", "candidate_id": "tune_450daea0fe62"}
{"event": "group_complete", "phase": "screen_F", "candidate_id": "tune_9f13c6ba92db"}
{"event": "group_complete", "phase": "screen_F", "candidate_id": "tune_ab7d24fc668d"}
{"event": "group_complete", "phase": "screen_F", "candidate_id": "tune_21243c1346ab"}
{"event": "group_complete", "phase": "screen_F", "candidate_id": "tune_1541aa9b6be5"}
{"event": "group_complete", "phase": "screen_F", "candidate_id": "tune_e95feaf6c642"}
{"event": "group_complete", "phase": "screen_F", "candidate_id": "tune_60894b1decdc"}
{"event": "group_complete", "phase": "screen_F", "candidate_id": "tune_d77c7cdd45ea"}
{"event": "group_complete", "phase": "screen_F", "candidate_id": "tune_96be2b31b3b6"}
{"event": "group_complete", "phase": "screen_F", "candidate_id": "tune_b684ab185558"}
{"event": "group_complete", "phase": "screen_F", "candidate_id": "tune_7bc5f1778794"}
{"event": "group_complete", "phase": "screen_F", "candidate_id": "tune_6d0b65cf4be0"}
{"event": "group_complete", "phase": "screen_F", "candidate_id": "tune_fd18c98a3d9e"}
{"event": "group_complete", "phase": "screen_F", "candidate_id": "tune_d8abfda9780f"}
{"event": "group_complete", "phase": "screen_F", "candidate_id": "tune_e745a2019d2c"}
{"event": "group_complete", "phase": "screen_G", "candidate_id": "tune_9aa4cae403c3"}
{"event": "group_complete", "phase": "screen_G", "candidate_id": "tune_163b0282e775"}
{"event": "group_complete", "phase": "screen_G", "candidate_id": "tune_87ce3dc76151"}
{"event": "group_complete", "phase": "screen_G", "candidate_id": "tune_9a14d296f721"}
{"event": "group_complete", "phase": "screen_G", "candidate_id": "tune_75d54a7af4f7"}
{"event": "group_complete", "phase": "screen_G", "candidate_id": "tune_a25933dffe21"}
{"event": "group_complete", "phase": "screen_G", "candidate_id": "tune_d68985000185"}
{"event": "group_complete", "phase": "screen_G", "candidate_id": "tune_0debc953a3c1"}
{"event": "group_complete", "phase": "screen_G", "candidate_id": "tune_1a6ec8ba025a"}
{"event": "group_complete", "phase": "screen_G", "candidate_id": "tune_89e18125a030"}
{"event": "group_complete", "phase": "screen_G", "candidate_id": "tune_39cb12870b20"}
{"event": "group_complete", "phase": "screen_G", "candidate_id": "tune_3c66f3f260cf"}
{"event": "group_complete", "phase": "screen_G", "candidate_id": "tune_825247abe25b"}
{"event": "group_complete", "phase": "screen_G", "candidate_id": "tune_ad90af2b0ddb"}
{"event": "group_complete", "phase": "screen_G", "candidate_id": "tune_459006646955"}
{"event": "group_complete", "phase": "screen_G", "candidate_id": "tune_1a111e3b385f"}
{"event": "group_complete", "phase": "screen_G", "candidate_id": "tune_77a1fef7948e"}
{"event": "group_complete", "phase": "screen_G", "candidate_id": "tune_e7fd407c7fdb"}
{"event": "group_complete", "phase": "screen_G", "candidate_id": "tune_ca6b1a2b5cc2"}
{"event": "group_complete", "phase": "screen_G", "candidate_id": "tune_76570e0ff160"}
{"event": "group_complete", "phase": "screen_G", "candidate_id": "tune_242e818780b0"}
{"event": "group_complete", "phase": "screen_G", "candidate_id": "tune_d5f4e7219e82"}
{"event": "group_complete", "phase": "screen_G", "candidate_id": "tune_41c8e1871dc6"}
{"event": "group_complete", "phase": "screen_G", "candidate_id": "tune_09a34eeb0fd6"}
{"event": "group_complete", "phase": "screen_G", "candidate_id": "tune_2beb73c86e9d"}
{"event": "group_complete", "phase": "screen_G", "candidate_id": "tune_b6e199252eab"}
{"event": "group_complete", "phase": "screen_G", "candidate_id": "tune_8d75ce705810"}
{"event": "group_complete", "phase": "screen_G", "candidate_id": "tune_0c5d3cc92b4f"}
{"event": "group_complete", "phase": "screen_G", "candidate_id": "tune_ec1aeebd66d8"}
{"event": "group_complete", "phase": "screen_G", "candidate_id": "tune_53b732ccf2eb"}
{"event": "group_complete", "phase": "screen_G", "candidate_id": "tune_6abd5e0a9d5b"}
{"event": "group_complete", "phase": "screen_G", "candidate_id": "tune_9f3268738d67"}
{"event": "group_complete", "phase": "screen_G", "candidate_id": "tune_a11a9fecc309"}
{"event": "group_complete", "phase": "screen_G", "candidate_id": "tune_27a91357c275"}
{"event": "group_complete", "phase": "screen_G", "candidate_id": "tune_8a4b8a7c1e6b"}
{"event": "group_complete", "phase": "screen_G", "candidate_id": "tune_9d8ef5515ff6"}
{"event": "group_complete", "phase": "screen_G", "candidate_id": "tune_6f0787f22caa"}
{"event": "group_complete", "phase": "screen_G", "candidate_id": "tune_fe7d47fadb42"}
{"event": "group_complete", "phase": "screen_G", "candidate_id": "tune_1e45b7c23bee"}
{"event": "group_complete", "phase": "screen_G", "candidate_id": "tune_1b7f9527969a"}
{"event": "group_complete", "phase": "screen_G", "candidate_id": "tune_ca3fa02f502d"}
{"event": "group_complete", "phase": "screen_G", "candidate_id": "tune_6013d5877867"}
{"event": "group_complete", "phase": "screen_G", "candidate_id": "tune_a0ef9fcc74ac"}
{"event": "group_complete", "phase": "screen_G", "candidate_id": "tune_6ed1cd541a93"}
{"event": "group_complete", "phase": "screen_G", "candidate_id": "tune_d7ac81a662e9"}
{"event": "group_complete", "phase": "screen_G", "candidate_id": "tune_0901cf864d8a"}
{"event": "group_complete", "phase": "screen_G", "candidate_id": "tune_e0674a43b104"}
{"event": "group_complete", "phase": "screen_G", "candidate_id": "tune_91ba5a09c4c1"}
{"event": "group_complete", "phase": "development", "candidate_id": "x0352_daily_baseline"}
{"event": "group_complete", "phase": "development", "candidate_id": "tune_91ba5a09c4c1"}
{"event": "group_complete", "phase": "development", "candidate_id": "tune_d6ba6c23bbc3"}
{"event": "group_complete", "phase": "development", "candidate_id": "tune_09a34eeb0fd6"}
{"event": "group_complete", "phase": "development", "candidate_id": "tune_fe7d47fadb42"}
{"event": "group_complete", "phase": "development", "candidate_id": "tune_39cb12870b20"}
{"event": "group_complete", "phase": "development", "candidate_id": "tune_53b732ccf2eb"}
{"event": "group_complete", "phase": "development", "candidate_id": "tune_2beb73c86e9d"}
{"event": "group_complete", "phase": "development", "candidate_id": "tune_d5f4e7219e82"}
{"event": "group_complete", "phase": "development", "candidate_id": "tune_55ee93a8d6d6"}
{"event": "group_complete", "phase": "development", "candidate_id": "tune_21a3cc0abdbc"}
{"event": "group_complete", "phase": "development", "candidate_id": "tune_4bdad17c2c61"}
{"event": "group_complete", "phase": "development", "candidate_id": "tune_78d170b8dff9"}
{"event": "group_complete", "phase": "validation", "candidate_id": "x0352_daily_baseline"}
{"event": "group_complete", "phase": "validation", "candidate_id": "tune_91ba5a09c4c1"}
{"event": "group_complete", "phase": "validation", "candidate_id": "tune_d6ba6c23bbc3"}
{"event": "group_complete", "phase": "validation", "candidate_id": "tune_09a34eeb0fd6"}
{"event": "group_complete", "phase": "validation", "candidate_id": "tune_fe7d47fadb42"}
{"event": "group_complete", "phase": "validation", "candidate_id": "tune_39cb12870b20"}
{"event": "group_complete", "phase": "validation", "candidate_id": "tune_53b732ccf2eb"}
{"event": "group_complete", "phase": "validation", "candidate_id": "tune_2beb73c86e9d"}
{"event": "group_complete", "phase": "validation", "candidate_id": "tune_d5f4e7219e82"}
{"event": "group_complete", "phase": "validation", "candidate_id": "tune_55ee93a8d6d6"}
{"event": "group_complete", "phase": "validation", "candidate_id": "tune_21a3cc0abdbc"}
{"event": "group_complete", "phase": "validation", "candidate_id": "tune_4bdad17c2c61"}
{"event": "group_complete", "phase": "validation", "candidate_id": "tune_78d170b8dff9"}
{"event": "group_complete", "phase": "holdout", "candidate_id": "x0352_daily_baseline"}
{"event": "group_complete", "phase": "holdout", "candidate_id": "tune_21a3cc0abdbc"}
{"event": "group_complete", "phase": "holdout", "candidate_id": "tune_d5f4e7219e82"}
{"event": "group_complete", "phase": "recent", "candidate_id": "x0352_daily_baseline"}
{"event": "group_complete", "phase": "recent", "candidate_id": "tune_d5f4e7219e82"}
{"event": "group_complete", "phase": "recent", "candidate_id": "tune_21a3cc0abdbc"}
{"event": "group_complete", "phase": "seasonal", "candidate_id": "x0352_daily_baseline"}
{"event": "group_complete", "phase": "seasonal", "candidate_id": "tune_d5f4e7219e82"}
{"event": "group_complete", "phase": "seasonal", "candidate_id": "tune_21a3cc0abdbc"}
{"event": "group_complete", "phase": "rolling_recent", "candidate_id": "x0352_daily_baseline"}
