CONTEXT official_ex_post
CONTEXT historical_pit
1/682 official_ex_post f0005 COMPLETE eligible=False return=2.2851605609831873
2/682 official_ex_post f0000 COMPLETE eligible=False return=2.1394931807644797
3/682 official_ex_post f0001 COMPLETE eligible=False return=2.629209704872368
4/682 official_ex_post f0004 COMPLETE eligible=False return=2.084410852156267
5/682 official_ex_post f0003 COMPLETE eligible=False return=2.3988057712298985
6/682 official_ex_post f0002 COMPLETE eligible=False return=3.4285987826871187
7/682 official_ex_post f0008 COMPLETE eligible=False return=2.199245068513069
8/682 official_ex_post f0006 COMPLETE eligible=False return=2.9321584297583674
9/682 official_ex_post f0009 COMPLETE eligible=False return=2.26959921444069
10/682 official_ex_post f0010 COMPLETE eligible=False return=2.67369741207014
11/682 official_ex_post f0011 COMPLETE eligible=False return=2.870177431827558
12/682 official_ex_post f0007 COMPLETE eligible=False return=2.1979399012724268
13/682 official_ex_post f0012 COMPLETE eligible=False return=2.8315079719213863
14/682 official_ex_post f0013 COMPLETE eligible=False return=2.9427734539911374
15/682 official_ex_post f0014 COMPLETE eligible=False return=2.9427734539911374
16/682 official_ex_post f0015 COMPLETE eligible=False return=2.973906352661937
17/682 official_ex_post f0016 COMPLETE eligible=False return=3.184149396679179
18/682 official_ex_post f0017 COMPLETE eligible=False return=3.124604314428942
19/682 official_ex_post f0018 COMPLETE eligible=False return=2.958607201694082
20/682 official_ex_post f0019 COMPLETE eligible=True return=3.0235441689120988
21/682 official_ex_post f0021 COMPLETE eligible=False return=2.76933921601856
22/682 official_ex_post f0022 COMPLETE eligible=False return=2.654333969261271
23/682 official_ex_post f0020 COMPLETE eligible=False return=2.4108617974533564
24/682 official_ex_post f0023 COMPLETE eligible=False return=2.949647537704294
25/682 official_ex_post f0024 COMPLETE eligible=False return=2.7450179164458275
26/682 official_ex_post f0026 COMPLETE eligible=False return=2.0861474466868972
27/682 official_ex_post f0027 COMPLETE eligible=False return=2.229848612617793
28/682 official_ex_post f0025 COMPLETE eligible=False return=2.051514939618323
29/682 official_ex_post f0028 COMPLETE eligible=False return=2.395300934672181
30/682 official_ex_post f0029 COMPLETE eligible=False return=2.9784439005154457
31/682 official_ex_post f0030 COMPLETE eligible=False return=2.215124223118896
32/682 official_ex_post f0032 COMPLETE eligible=False return=2.7500213437995638
33/682 official_ex_post f0031 COMPLETE eligible=False return=2.272616039083261
34/682 official_ex_post f0033 COMPLETE eligible=False return=2.383510808674295
35/682 official_ex_post f0034 COMPLETE eligible=True return=2.8650101144417075
36/682 official_ex_post f0035 COMPLETE eligible=False return=2.185804980244628
37/682 official_ex_post f0036 COMPLETE eligible=False return=2.3944387237192832
38/682 official_ex_post f0037 COMPLETE eligible=False return=2.4932727254730023
39/682 official_ex_post f0038 COMPLETE eligible=False return=2.4412510435625334
40/682 official_ex_post f0039 COMPLETE eligible=False return=2.1941062309646635
41/682 official_ex_post f0040 COMPLETE eligible=False return=2.4348585079090106
42/682 official_ex_post f0041 COMPLETE eligible=False return=3.3124676747195902
43/682 official_ex_post f0042 COMPLETE eligible=False return=2.204927610338113
44/682 official_ex_post f0043 COMPLETE eligible=False return=2.191680235352497
45/682 official_ex_post f0044 COMPLETE eligible=False return=1.8461314218694755
46/682 official_ex_post f0045 COMPLETE eligible=False return=2.331368046123976
47/682 official_ex_post f0047 COMPLETE eligible=False return=2.629209704872368
48/682 official_ex_post f0050 COMPLETE eligible=False return=2.5173363346270627
49/682 official_ex_post f0049 COMPLETE eligible=False return=2.3477632922667366
50/682 official_ex_post f0048 COMPLETE eligible=False return=2.716075626917627
51/682 official_ex_post f0046 COMPLETE eligible=False return=2.1745869485659375
52/682 official_ex_post f0051 COMPLETE eligible=False return=1.9030283788987221
53/682 official_ex_post f0052 COMPLETE eligible=False return=1.7760254091895722
54/682 official_ex_post f0053 COMPLETE eligible=False return=2.008954067311308
55/682 official_ex_post f0054 COMPLETE eligible=False return=2.034035780126853
56/682 official_ex_post f0055 COMPLETE eligible=False return=2.414961388337226
57/682 official_ex_post f0057 COMPLETE eligible=False return=2.7157161941775714
58/682 official_ex_post f0056 COMPLETE eligible=False return=2.125867527738903
59/682 official_ex_post f0058 COMPLETE eligible=False return=2.629209704872368
60/682 official_ex_post f0059 COMPLETE eligible=False return=2.366145484360057
61/682 official_ex_post f0060 COMPLETE eligible=False return=2.5196201786869814
62/682 official_ex_post f0061 COMPLETE eligible=False return=2.322808790063264
63/682 official_ex_post f0062 COMPLETE eligible=False return=2.3227418071680144
64/682 official_ex_post f0063 COMPLETE eligible=False return=2.464889606461574
65/682 official_ex_post f0064 COMPLETE eligible=False return=2.644547941061877
66/682 official_ex_post f0066 COMPLETE eligible=False return=2.2111270086540573
67/682 official_ex_post f0065 COMPLETE eligible=False return=1.8781392631066551
68/682 official_ex_post f0067 COMPLETE eligible=False return=2.933018211763201
69/682 official_ex_post f0068 COMPLETE eligible=False return=2.700792783734247
70/682 official_ex_post f0070 COMPLETE eligible=False return=2.0881469338909406
71/682 official_ex_post f0069 COMPLETE eligible=False return=1.2560412873543907
72/682 official_ex_post f0071 COMPLETE eligible=False return=2.5902416125482675
73/682 official_ex_post f0072 COMPLETE eligible=False return=2.234968687668072
74/682 official_ex_post f0073 COMPLETE eligible=False return=2.2827478370067222
75/682 official_ex_post f0074 COMPLETE eligible=False return=3.0855411184527766
76/682 official_ex_post f0075 COMPLETE eligible=False return=2.123892829779035
77/682 official_ex_post f0076 COMPLETE eligible=False return=1.8650703371343509
78/682 official_ex_post f0077 COMPLETE eligible=False return=2.392203455336674
79/682 official_ex_post f0078 COMPLETE eligible=False return=1.9259226223285504
80/682 official_ex_post f0079 COMPLETE eligible=False return=1.9362262623215054
81/682 official_ex_post f0080 COMPLETE eligible=False return=2.7720523690285717
82/682 official_ex_post f0081 COMPLETE eligible=False return=2.158598742872826
83/682 official_ex_post f0082 COMPLETE eligible=False return=2.0238724700426856
84/682 official_ex_post f0083 COMPLETE eligible=False return=1.9090385408583712
85/682 official_ex_post f0084 COMPLETE eligible=False return=1.8946096463231594
86/682 official_ex_post f0085 COMPLETE eligible=False return=1.7201551100469699
87/682 official_ex_post f0086 COMPLETE eligible=False return=2.1414038007459886
88/682 official_ex_post f0087 COMPLETE eligible=False return=2.782466123607663
89/682 official_ex_post f0088 COMPLETE eligible=False return=2.1822926706693635
90/682 official_ex_post f0089 COMPLETE eligible=False return=2.4361531986764433
91/682 official_ex_post f0090 COMPLETE eligible=False return=2.387722480398837
92/682 official_ex_post f0091 COMPLETE eligible=False return=1.7016344350656079
93/682 official_ex_post f0092 COMPLETE eligible=False return=1.8026584204973064
94/682 official_ex_post f0093 COMPLETE eligible=False return=2.3911706049942505
95/682 official_ex_post f0095 COMPLETE eligible=False return=1.998015435799644
96/682 official_ex_post f0096 COMPLETE eligible=False return=1.5869350235037092
97/682 official_ex_post f0094 COMPLETE eligible=False return=2.54148334730234
98/682 official_ex_post f0097 COMPLETE eligible=True return=1.3871920253132757
99/682 official_ex_post f0099 COMPLETE eligible=False return=1.932561070795074
100/682 official_ex_post f0098 COMPLETE eligible=False return=1.2036765564900334
101/682 official_ex_post f0100 COMPLETE eligible=False return=1.3504206191303347
102/682 official_ex_post f0101 COMPLETE eligible=False return=2.202783325997709
103/682 official_ex_post f0102 COMPLETE eligible=False return=2.0576685666193546
104/682 official_ex_post f0103 COMPLETE eligible=False return=1.8869599320069503
105/682 official_ex_post f0104 COMPLETE eligible=False return=2.1182717434502085
106/682 official_ex_post f0105 COMPLETE eligible=False return=1.5104010411055966
107/682 official_ex_post f0106 COMPLETE eligible=False return=1.6595616545347691
108/682 official_ex_post f0107 COMPLETE eligible=False return=2.000152474787747
109/682 official_ex_post f0108 COMPLETE eligible=False return=2.433156031963802
110/682 official_ex_post f0109 COMPLETE eligible=False return=1.5867093803597778
111/682 official_ex_post f0110 COMPLETE eligible=False return=1.4683370625157979
112/682 official_ex_post f0111 COMPLETE eligible=False return=3.3671012190564875
113/682 official_ex_post f0112 COMPLETE eligible=False return=2.989414176191675
114/682 official_ex_post f0113 COMPLETE eligible=False return=2.425085517965464
115/682 official_ex_post f0114 COMPLETE eligible=False return=2.5472942731220396
116/682 official_ex_post f0115 COMPLETE eligible=False return=1.9304103287973007
117/682 official_ex_post f0116 COMPLETE eligible=False return=2.058287764901336
118/682 official_ex_post f0119 COMPLETE eligible=False return=2.9089357894414882
119/682 official_ex_post f0120 COMPLETE eligible=False return=2.2519484891935706
120/682 official_ex_post f0117 COMPLETE eligible=False return=1.7066071411862844
121/682 official_ex_post f0121 COMPLETE eligible=False return=2.1385193450007582
122/682 official_ex_post f0118 COMPLETE eligible=False return=1.8013967382389762
123/682 official_ex_post f0122 COMPLETE eligible=False return=1.9303660066713988
124/682 official_ex_post f0123 COMPLETE eligible=False return=2.3431667500631588
125/682 official_ex_post f0125 COMPLETE eligible=False return=1.9920399641268602
126/682 official_ex_post f0124 COMPLETE eligible=False return=1.9263811711511827
127/682 official_ex_post f0126 COMPLETE eligible=False return=2.0054450519969684
128/682 official_ex_post f0127 COMPLETE eligible=False return=1.7055618148666678
129/682 official_ex_post f0128 COMPLETE eligible=False return=1.7418832194405254
130/682 official_ex_post f0129 COMPLETE eligible=False return=1.9548374541134206
131/682 official_ex_post f0133 COMPLETE eligible=False return=2.04608448297258
132/682 official_ex_post f0130 COMPLETE eligible=False return=2.1268991792377316
133/682 official_ex_post f0134 COMPLETE eligible=False return=2.119811550804686
134/682 official_ex_post f0131 COMPLETE eligible=False return=2.08810830847134
135/682 official_ex_post f0135 COMPLETE eligible=False return=1.6203315854633247
136/682 official_ex_post f0132 COMPLETE eligible=False return=1.9691101331411365
137/682 official_ex_post f0136 COMPLETE eligible=False return=1.9286824508477571
138/682 official_ex_post f0137 COMPLETE eligible=False return=3.3659868007364206
139/682 official_ex_post f0138 COMPLETE eligible=False return=3.316087014567292
140/682 official_ex_post f0139 COMPLETE eligible=False return=1.5232624582642784
141/682 official_ex_post f0140 COMPLETE eligible=False return=1.5658797082393519
142/682 official_ex_post f0141 COMPLETE eligible=False return=2.55968658585405
143/682 official_ex_post f0145 COMPLETE eligible=False return=1.8826140174725556
144/682 official_ex_post f0143 COMPLETE eligible=False return=1.6298306295337923
145/682 official_ex_post f0142 COMPLETE eligible=False return=2.4963199666315727
146/682 official_ex_post f0144 COMPLETE eligible=False return=1.5242729808296596
147/682 official_ex_post f0146 COMPLETE eligible=False return=1.4850663073055492
148/682 official_ex_post f0151 COMPLETE eligible=False return=1.594979956331097
149/682 official_ex_post f0152 COMPLETE eligible=False return=1.162533421315608
150/682 official_ex_post f0147 COMPLETE eligible=False return=1.9213255753387641
151/682 official_ex_post f0148 COMPLETE eligible=False return=1.8346146420543405
152/682 official_ex_post f0149 COMPLETE eligible=False return=2.1790168056817163
153/682 official_ex_post f0150 COMPLETE eligible=False return=2.608752019470043
154/682 official_ex_post f0154 COMPLETE eligible=False return=1.7601126514721597
155/682 official_ex_post f0153 COMPLETE eligible=False return=2.0461060094646135
156/682 official_ex_post f0157 COMPLETE eligible=False return=2.461084675573941
157/682 official_ex_post f0155 COMPLETE eligible=False return=1.4805899639245816
158/682 official_ex_post f0158 COMPLETE eligible=False return=2.450772389508601
159/682 official_ex_post f0160 COMPLETE eligible=False return=1.9038881921283197
160/682 official_ex_post f0159 COMPLETE eligible=False return=1.9715776562845617
161/682 official_ex_post f0156 COMPLETE eligible=False return=1.778584100747611
162/682 official_ex_post f0161 COMPLETE eligible=False return=2.153246818614481
163/682 official_ex_post f0163 COMPLETE eligible=False return=1.8432884430782308
164/682 official_ex_post f0162 COMPLETE eligible=False return=2.5114657275580945
165/682 official_ex_post f0164 COMPLETE eligible=False return=1.8918462290646536
166/682 official_ex_post f0167 COMPLETE eligible=False return=2.8240276225400187
167/682 official_ex_post f0169 COMPLETE eligible=False return=2.5968288224074203
168/682 official_ex_post f0165 COMPLETE eligible=False return=1.571842102282846
169/682 official_ex_post f0168 COMPLETE eligible=False return=2.5070554203848077
170/682 official_ex_post f0170 COMPLETE eligible=False return=2.83446431556384
171/682 official_ex_post f0166 COMPLETE eligible=False return=1.6160420301497251
172/682 official_ex_post f0171 COMPLETE eligible=False return=2.0816572448510384
173/682 official_ex_post f0172 COMPLETE eligible=False return=2.1573867818910504
174/682 official_ex_post f0175 COMPLETE eligible=False return=1.5118460590548617
175/682 official_ex_post f0176 COMPLETE eligible=False return=1.3732428833043135
176/682 official_ex_post f0174 COMPLETE eligible=False return=2.271882423260298
177/682 official_ex_post f0173 COMPLETE eligible=False return=2.17065689468824
178/682 official_ex_post f0178 COMPLETE eligible=False return=1.0121670335671316
179/682 official_ex_post f0177 COMPLETE eligible=False return=1.997243494953156
180/682 official_ex_post f0179 COMPLETE eligible=False return=2.0610120799326737
181/682 official_ex_post f0180 COMPLETE eligible=False return=2.2193201770775794
182/682 official_ex_post f0183 COMPLETE eligible=False return=2.5931750291577953
183/682 official_ex_post f0181 COMPLETE eligible=False return=2.1878858563733594
184/682 official_ex_post f0184 COMPLETE eligible=False return=2.4659946514675135
185/682 official_ex_post f0182 COMPLETE eligible=False return=2.2669506814021223
186/682 official_ex_post f0185 COMPLETE eligible=False return=1.8125179048998565
187/682 official_ex_post f0186 COMPLETE eligible=False return=1.5973942467034887
188/682 official_ex_post f0187 COMPLETE eligible=False return=2.232739403508352
189/682 official_ex_post f0188 COMPLETE eligible=False return=2.693862781045229
190/682 official_ex_post f0189 COMPLETE eligible=False return=1.570506576243142
191/682 official_ex_post f0191 COMPLETE eligible=False return=2.5253515526445938
192/682 official_ex_post f0190 COMPLETE eligible=False return=1.5394753819493432
193/682 official_ex_post f0193 COMPLETE eligible=False return=1.944255230269377
194/682 official_ex_post f0194 COMPLETE eligible=False return=1.6121430695718768
195/682 official_ex_post f0192 COMPLETE eligible=False return=2.2777506087953947
196/682 official_ex_post f0199 COMPLETE eligible=False return=1.7710308989674992
197/682 official_ex_post f0200 COMPLETE eligible=False return=1.3669653119278697
198/682 official_ex_post f0197 COMPLETE eligible=False return=2.919835303778164
199/682 official_ex_post f0198 COMPLETE eligible=False return=2.5968124643987447
200/682 official_ex_post f0195 COMPLETE eligible=False return=2.287188133361707
201/682 official_ex_post f0196 COMPLETE eligible=False return=2.0945260233384264
202/682 official_ex_post f0201 COMPLETE eligible=False return=1.7052513354364978
203/682 official_ex_post f0202 COMPLETE eligible=False return=1.5901895664276129
204/682 official_ex_post f0205 COMPLETE eligible=False return=2.0498203152934997
205/682 official_ex_post f0206 COMPLETE eligible=False return=1.8893667841307242
206/682 official_ex_post f0203 COMPLETE eligible=False return=2.370573885718248
207/682 official_ex_post f0204 COMPLETE eligible=False return=2.027343229422261
208/682 official_ex_post f0208 COMPLETE eligible=False return=2.2661433264458903
209/682 official_ex_post f0207 COMPLETE eligible=False return=2.8492431771934026
210/682 official_ex_post f0209 COMPLETE eligible=False return=3.0954489124392106
211/682 official_ex_post f0210 COMPLETE eligible=False return=2.469354284913327
212/682 official_ex_post f0211 COMPLETE eligible=False return=1.850523164839962
213/682 official_ex_post f0213 COMPLETE eligible=False return=1.7083324663041681
214/682 official_ex_post f0214 COMPLETE eligible=False return=1.660522274275133
215/682 official_ex_post f0212 COMPLETE eligible=False return=1.997022208296071
216/682 official_ex_post f0215 COMPLETE eligible=False return=2.8328971103441103
217/682 official_ex_post f0216 COMPLETE eligible=False return=2.7708665798429415
218/682 official_ex_post f0219 COMPLETE eligible=False return=2.162894014117799
219/682 official_ex_post f0217 COMPLETE eligible=False return=1.935724575208932
220/682 official_ex_post f0220 COMPLETE eligible=False return=2.078814855880069
221/682 official_ex_post f0221 COMPLETE eligible=False return=1.5383560570728676
222/682 official_ex_post f0218 COMPLETE eligible=False return=1.8027786380730744
223/682 official_ex_post f0222 COMPLETE eligible=False return=1.8357757366768035
224/682 official_ex_post f0225 COMPLETE eligible=False return=1.315543705612261
225/682 official_ex_post f0226 COMPLETE eligible=True return=0.8899277366725733
226/682 official_ex_post f0223 COMPLETE eligible=False return=2.480495533487859
227/682 official_ex_post f0224 COMPLETE eligible=False return=2.4239136443609848
228/682 official_ex_post f0227 COMPLETE eligible=False return=1.9407961193997338
229/682 official_ex_post f0231 COMPLETE eligible=False return=2.1683462050355264
230/682 official_ex_post f0229 COMPLETE eligible=False return=2.202590522500447
231/682 official_ex_post f0232 COMPLETE eligible=False return=1.7451127577437267
232/682 official_ex_post f0230 COMPLETE eligible=False return=2.109704631252033
233/682 official_ex_post f0228 COMPLETE eligible=False return=2.229276610913864
234/682 official_ex_post f0233 COMPLETE eligible=False return=2.1915049585180193
235/682 official_ex_post f0234 COMPLETE eligible=False return=2.0667997873632173
236/682 official_ex_post f0237 COMPLETE eligible=False return=2.1624642895485957
237/682 official_ex_post f0238 COMPLETE eligible=False return=1.9683145555283277
238/682 official_ex_post f0235 COMPLETE eligible=False return=2.328781227016
239/682 official_ex_post f0236 COMPLETE eligible=False return=1.7536659902367906
240/682 official_ex_post f0239 COMPLETE eligible=False return=2.057579418258886
241/682 official_ex_post f0240 COMPLETE eligible=False return=2.386644051772272
242/682 official_ex_post f0241 COMPLETE eligible=False return=2.5166618938391534
243/682 official_ex_post f0242 COMPLETE eligible=False return=2.173503854717343
244/682 official_ex_post f0247 COMPLETE eligible=False return=2.1102349755384506
245/682 official_ex_post f0248 COMPLETE eligible=False return=1.9205503545337126
246/682 official_ex_post f0245 COMPLETE eligible=False return=2.152366764711165
247/682 official_ex_post f0243 COMPLETE eligible=False return=1.9825478284163949
248/682 official_ex_post f0246 COMPLETE eligible=False return=1.9150112232029244
249/682 official_ex_post f0244 COMPLETE eligible=False return=2.1218386917479286
250/682 official_ex_post f0249 COMPLETE eligible=False return=1.8485315988555717
251/682 official_ex_post f0250 COMPLETE eligible=False return=1.625957635165162
252/682 official_ex_post f0253 COMPLETE eligible=False return=1.6807837665616479
253/682 official_ex_post f0254 COMPLETE eligible=False return=1.6512184124483156
254/682 official_ex_post f0251 COMPLETE eligible=False return=1.7550580779442915
255/682 official_ex_post f0255 COMPLETE eligible=False return=2.320739715993452
256/682 official_ex_post f0252 COMPLETE eligible=False return=2.211969671929818
257/682 official_ex_post f0256 COMPLETE eligible=False return=1.5239248769717104
258/682 official_ex_post f0258 COMPLETE eligible=False return=2.352597137686175
259/682 official_ex_post f0257 COMPLETE eligible=False return=2.7038642935506774
260/682 official_ex_post f0259 COMPLETE eligible=False return=1.5652972237208806
261/682 official_ex_post f0261 COMPLETE eligible=False return=1.4305028662952708
262/682 official_ex_post f0263 COMPLETE eligible=False return=2.4573317279957267
263/682 official_ex_post f0264 COMPLETE eligible=False return=2.1721623210338863
264/682 official_ex_post f0260 COMPLETE eligible=False return=1.7834489990838294
265/682 official_ex_post f0262 COMPLETE eligible=False return=1.3640144226791304
266/682 official_ex_post f0265 COMPLETE eligible=False return=2.0283451905537735
267/682 official_ex_post f0266 COMPLETE eligible=False return=2.0749993982841817
268/682 official_ex_post f0267 COMPLETE eligible=False return=2.779545988549237
269/682 official_ex_post f0268 COMPLETE eligible=False return=2.6847311109146252
270/682 official_ex_post f0269 COMPLETE eligible=False return=1.9330339695800332
271/682 official_ex_post f0270 COMPLETE eligible=False return=1.635657049670086
272/682 official_ex_post f0271 COMPLETE eligible=False return=1.7059259621666798
273/682 official_ex_post f0272 COMPLETE eligible=False return=1.874697230587779
274/682 official_ex_post f0273 COMPLETE eligible=False return=1.2084656841169226
275/682 official_ex_post f0274 COMPLETE eligible=False return=1.3735430767842205
276/682 official_ex_post f0276 COMPLETE eligible=False return=2.3921085001790243
277/682 official_ex_post f0275 COMPLETE eligible=False return=2.285619266642017
278/682 official_ex_post f0279 COMPLETE eligible=False return=2.2324460053297286
279/682 official_ex_post f0277 COMPLETE eligible=False return=2.44991202494175
280/682 official_ex_post f0280 COMPLETE eligible=False return=2.139886595449114
281/682 official_ex_post f0278 COMPLETE eligible=False return=2.3372265334151203
282/682 official_ex_post f0281 COMPLETE eligible=False return=1.8324580019184276
283/682 official_ex_post f0282 COMPLETE eligible=False return=1.7694522121451017
284/682 official_ex_post f0283 COMPLETE eligible=False return=2.3440514655476923
285/682 official_ex_post f0284 COMPLETE eligible=False return=2.3988547025724656
286/682 official_ex_post f0285 COMPLETE eligible=False return=1.8718116120177792
287/682 official_ex_post f0286 COMPLETE eligible=False return=1.947437093284171
288/682 official_ex_post f0287 COMPLETE eligible=False return=2.8170167082997986
289/682 official_ex_post f0288 COMPLETE eligible=False return=2.5392420960740463
290/682 official_ex_post f0289 COMPLETE eligible=False return=1.762118659905381
291/682 official_ex_post f0290 COMPLETE eligible=False return=1.6858354701815883
292/682 official_ex_post f0293 COMPLETE eligible=False return=2.540660156413496
293/682 official_ex_post f0294 COMPLETE eligible=False return=2.550761461101347
294/682 official_ex_post f0291 COMPLETE eligible=False return=2.271957471150691
295/682 official_ex_post f0295 COMPLETE eligible=False return=2.0901125282372934
296/682 official_ex_post f0292 COMPLETE eligible=False return=2.0815332174099255
297/682 official_ex_post f0296 COMPLETE eligible=False return=1.953037268719049
298/682 official_ex_post f0297 COMPLETE eligible=False return=2.672677806524679
299/682 official_ex_post f0298 COMPLETE eligible=False return=2.6762906027715325
300/682 official_ex_post f0299 COMPLETE eligible=False return=1.6578952110199157
301/682 official_ex_post f0300 COMPLETE eligible=False return=1.8446335708583903
302/682 official_ex_post f0301 COMPLETE eligible=False return=2.566707006635215
303/682 official_ex_post f0303 COMPLETE eligible=False return=2.2278951948737715
304/682 official_ex_post f0304 COMPLETE eligible=False return=2.0117274224809454
305/682 official_ex_post f0302 COMPLETE eligible=False return=3.2858405604310708
306/682 official_ex_post f0305 COMPLETE eligible=False return=1.8146691091891114
307/682 official_ex_post f0306 COMPLETE eligible=False return=1.8013675705829106
308/682 official_ex_post f0311 COMPLETE eligible=False return=2.114446944443565
309/682 official_ex_post f0307 COMPLETE eligible=False return=1.7472907011526546
310/682 official_ex_post f0309 COMPLETE eligible=False return=1.8510294466371633
311/682 official_ex_post f0308 COMPLETE eligible=False return=1.7021045072433028
312/682 official_ex_post f0312 COMPLETE eligible=False return=1.7775053839049715
313/682 official_ex_post f0310 COMPLETE eligible=False return=1.8078234611311323
314/682 official_ex_post f0313 COMPLETE eligible=False return=2.2773881744377733
315/682 official_ex_post f0314 COMPLETE eligible=False return=2.5609135566123884
316/682 official_ex_post f0315 COMPLETE eligible=False return=2.1597881247349497
317/682 official_ex_post f0316 COMPLETE eligible=False return=1.9226304634113345
318/682 official_ex_post f0317 COMPLETE eligible=False return=2.0143128639786156
319/682 official_ex_post f0318 COMPLETE eligible=False return=2.0716453841936215
320/682 official_ex_post f0319 COMPLETE eligible=False return=1.355541488350347
321/682 official_ex_post f0320 COMPLETE eligible=False return=1.5432192151977389
322/682 official_ex_post f0321 COMPLETE eligible=False return=2.215750741101475
323/682 official_ex_post f0322 COMPLETE eligible=False return=2.1126272924982517
324/682 official_ex_post f0327 COMPLETE eligible=False return=1.6349384708128252
325/682 official_ex_post f0323 COMPLETE eligible=False return=1.6920781311536244
326/682 official_ex_post f0328 COMPLETE eligible=False return=1.6016613616067175
327/682 official_ex_post f0324 COMPLETE eligible=False return=1.502279080375259
328/682 official_ex_post f0325 COMPLETE eligible=False return=1.9897447877940806
329/682 official_ex_post f0326 COMPLETE eligible=False return=2.104020971093358
330/682 official_ex_post f0329 COMPLETE eligible=False return=1.4129921764825286
331/682 official_ex_post f0330 COMPLETE eligible=False return=1.6632410355298264
332/682 official_ex_post f0331 COMPLETE eligible=False return=2.51557543993085
333/682 official_ex_post f0332 COMPLETE eligible=False return=2.6541036052335714
334/682 official_ex_post f0333 COMPLETE eligible=False return=2.0504335271228395
335/682 official_ex_post f0334 COMPLETE eligible=False return=2.219625781141086
336/682 official_ex_post f0335 COMPLETE eligible=False return=2.0646888379755186
337/682 official_ex_post f0336 COMPLETE eligible=False return=2.4451371894456764
338/682 official_ex_post f0337 COMPLETE eligible=False return=1.6497965091011921
339/682 official_ex_post f0338 COMPLETE eligible=False return=1.9877092900640938
340/682 historical_pit f0000 COMPLETE eligible=True return=1.6556980134052552
341/682 historical_pit f0001 COMPLETE eligible=False return=1.4780191237714329
342/682 official_ex_post f0339 COMPLETE eligible=False return=2.0574940567607842
343/682 official_ex_post f0340 COMPLETE eligible=False return=2.0702045378129252
344/682 historical_pit f0002 COMPLETE eligible=False return=1.5428135657367417
345/682 historical_pit f0003 COMPLETE eligible=False return=1.4574324624401864
346/682 historical_pit f0005 COMPLETE eligible=True return=1.6830423353350272
347/682 historical_pit f0004 COMPLETE eligible=True return=1.6340228921874118
348/682 historical_pit f0006 COMPLETE eligible=True return=1.6073779087643234
349/682 historical_pit f0008 COMPLETE eligible=True return=1.575891715254301
350/682 historical_pit f0009 COMPLETE eligible=True return=1.6139764264850083
351/682 historical_pit f0007 COMPLETE eligible=True return=1.4925813540180988
352/682 historical_pit f0010 COMPLETE eligible=True return=1.460903863980627
353/682 historical_pit f0011 COMPLETE eligible=True return=1.5311558999853991
354/682 historical_pit f0013 COMPLETE eligible=True return=1.8860781572060823
355/682 historical_pit f0012 COMPLETE eligible=True return=1.5257702448012442
356/682 historical_pit f0014 COMPLETE eligible=True return=1.8860781572060823
357/682 historical_pit f0015 COMPLETE eligible=False return=1.5797651897595033
358/682 historical_pit f0016 COMPLETE eligible=True return=1.6910816282012182
359/682 historical_pit f0019 COMPLETE eligible=True return=1.6393962123186983
360/682 historical_pit f0020 COMPLETE eligible=True return=1.2151934054809774
361/682 historical_pit f0017 COMPLETE eligible=False return=1.7586419685188002
362/682 historical_pit f0018 COMPLETE eligible=False return=1.5789753902690005
363/682 historical_pit f0021 COMPLETE eligible=False return=1.4374283705973938
364/682 historical_pit f0022 COMPLETE eligible=False return=1.36100938683993
365/682 historical_pit f0024 COMPLETE eligible=False return=1.6111297986176725
366/682 historical_pit f0023 COMPLETE eligible=True return=1.6733003023854236
367/682 historical_pit f0025 COMPLETE eligible=True return=0.8633009280176118
368/682 historical_pit f0026 COMPLETE eligible=True return=1.2455707420715645
369/682 historical_pit f0027 COMPLETE eligible=True return=1.3658767963276879
370/682 historical_pit f0028 COMPLETE eligible=False return=1.5201609606798274
371/682 historical_pit f0030 COMPLETE eligible=True return=1.8578297901816718
372/682 historical_pit f0029 COMPLETE eligible=False return=1.4038313945412604
373/682 historical_pit f0031 COMPLETE eligible=True return=1.3795208265134487
374/682 historical_pit f0032 COMPLETE eligible=True return=1.586500706176745
375/682 historical_pit f0033 COMPLETE eligible=False return=1.550893294047036
376/682 historical_pit f0035 COMPLETE eligible=True return=1.2450597053994725
377/682 historical_pit f0034 COMPLETE eligible=True return=1.453512966806351
378/682 historical_pit f0036 COMPLETE eligible=True return=1.4194368017015249
379/682 historical_pit f0037 COMPLETE eligible=True return=1.6322097764112833
380/682 historical_pit f0038 COMPLETE eligible=False return=1.3599284885887584
381/682 historical_pit f0039 COMPLETE eligible=True return=1.6593320517698862
382/682 historical_pit f0040 COMPLETE eligible=True return=2.037084036462542
383/682 historical_pit f0041 COMPLETE eligible=True return=1.2176777909668322
384/682 historical_pit f0043 COMPLETE eligible=False return=1.6809954921549526
385/682 historical_pit f0042 COMPLETE eligible=False return=1.4443358442595549
386/682 historical_pit f0044 COMPLETE eligible=False return=1.4603917115950753
387/682 historical_pit f0045 COMPLETE eligible=False return=1.648115396794379
388/682 historical_pit f0047 COMPLETE eligible=False return=1.4780191237714329
389/682 historical_pit f0048 COMPLETE eligible=False return=1.6209885959949308
390/682 historical_pit f0049 COMPLETE eligible=False return=1.6534063848213152
391/682 historical_pit f0046 COMPLETE eligible=False return=1.7507287060651047
392/682 historical_pit f0050 COMPLETE eligible=False return=1.4896848590450813
393/682 historical_pit f0051 COMPLETE eligible=True return=1.519857720854163
394/682 historical_pit f0052 COMPLETE eligible=False return=1.6243491303395063
395/682 historical_pit f0053 COMPLETE eligible=False return=1.638165163277224
396/682 historical_pit f0054 COMPLETE eligible=False return=1.6904153311985692
397/682 historical_pit f0055 COMPLETE eligible=False return=1.452340861072075
398/682 historical_pit f0056 COMPLETE eligible=False return=1.824637302124387
399/682 historical_pit f0057 COMPLETE eligible=False return=1.5412318426858773
400/682 historical_pit f0058 COMPLETE eligible=False return=1.4780191237714329
401/682 historical_pit f0060 COMPLETE eligible=False return=1.5765735160974228
402/682 historical_pit f0059 COMPLETE eligible=True return=1.395613024441876
403/682 historical_pit f0062 COMPLETE eligible=False return=1.6285857115219216
404/682 historical_pit f0061 COMPLETE eligible=False return=1.576277030347435
405/682 historical_pit f0063 COMPLETE eligible=False return=1.4708594831015356
406/682 historical_pit f0064 COMPLETE eligible=False return=1.9841076807906197
407/682 historical_pit f0066 COMPLETE eligible=False return=1.8490051075023306
408/682 historical_pit f0065 COMPLETE eligible=False return=1.949196476395076
409/682 historical_pit f0067 COMPLETE eligible=False return=1.6164543941434588
410/682 historical_pit f0068 COMPLETE eligible=False return=1.6907572036793463
411/682 historical_pit f0069 COMPLETE eligible=True return=1.3779560294570712
412/682 historical_pit f0070 COMPLETE eligible=False return=1.465969734477734
413/682 historical_pit f0071 COMPLETE eligible=False return=1.638457342873671
414/682 historical_pit f0072 COMPLETE eligible=False return=1.7098405550532343
415/682 historical_pit f0073 COMPLETE eligible=True return=1.7010812972572174
416/682 historical_pit f0074 COMPLETE eligible=True return=1.7789085005711538
417/682 historical_pit f0075 COMPLETE eligible=False return=1.7794347385180846
418/682 historical_pit f0076 COMPLETE eligible=False return=1.6572521725365417
419/682 historical_pit f0077 COMPLETE eligible=False return=1.7724423152053013
420/682 historical_pit f0078 COMPLETE eligible=True return=1.8164237181414613
421/682 historical_pit f0079 COMPLETE eligible=False return=1.7331505123785713
422/682 historical_pit f0080 COMPLETE eligible=False return=2.120580239636115
423/682 historical_pit f0081 COMPLETE eligible=True return=1.5854938047128475
424/682 historical_pit f0083 COMPLETE eligible=True return=1.5726173278619013
425/682 historical_pit f0082 COMPLETE eligible=False return=1.781734523847283
426/682 historical_pit f0084 COMPLETE eligible=True return=1.5472423776365303
427/682 historical_pit f0085 COMPLETE eligible=False return=1.6183140077720841
428/682 historical_pit f0087 COMPLETE eligible=False return=1.4527956520009115
429/682 historical_pit f0088 COMPLETE eligible=True return=1.3010925784971699
430/682 historical_pit f0086 COMPLETE eligible=False return=1.5869756269998003
431/682 historical_pit f0089 COMPLETE eligible=False return=1.7774092060123778
432/682 historical_pit f0090 COMPLETE eligible=True return=1.7312602396105161
433/682 historical_pit f0091 COMPLETE eligible=False return=1.2050415131267385
434/682 historical_pit f0092 COMPLETE eligible=False return=1.3565229963198644
435/682 historical_pit f0095 COMPLETE eligible=False return=1.5293142543407359
436/682 historical_pit f0093 COMPLETE eligible=False return=1.8155543681267243
437/682 historical_pit f0096 COMPLETE eligible=True return=1.1185436446411807
438/682 historical_pit f0094 COMPLETE eligible=False return=1.62301701108776
439/682 historical_pit f0097 COMPLETE eligible=True return=1.485247476282399
440/682 historical_pit f0098 COMPLETE eligible=False return=1.3967613845661853
441/682 historical_pit f0099 COMPLETE eligible=True return=1.2287090208167522
442/682 historical_pit f0100 COMPLETE eligible=True return=1.4180708765202334
443/682 historical_pit f0103 COMPLETE eligible=False return=1.6232036738394893
444/682 historical_pit f0101 COMPLETE eligible=False return=1.2662547724910214
445/682 historical_pit f0102 COMPLETE eligible=False return=1.3583463802327755
446/682 historical_pit f0104 COMPLETE eligible=True return=1.3422819286611358
447/682 historical_pit f0105 COMPLETE eligible=False return=1.4200739526517552
448/682 historical_pit f0106 COMPLETE eligible=False return=1.2768130741996107
449/682 historical_pit f0107 COMPLETE eligible=False return=1.5682086284623193
450/682 historical_pit f0108 COMPLETE eligible=False return=1.6082113990220317
451/682 historical_pit f0109 COMPLETE eligible=True return=1.3614782735005155
452/682 historical_pit f0110 COMPLETE eligible=True return=1.521481912101243
453/682 historical_pit f0111 COMPLETE eligible=False return=2.1524237490901106
454/682 historical_pit f0112 COMPLETE eligible=False return=1.9252164039602944
455/682 historical_pit f0113 COMPLETE eligible=False return=1.144541192800045
456/682 historical_pit f0114 COMPLETE eligible=False return=1.7014590776622271
457/682 historical_pit f0115 COMPLETE eligible=False return=1.4622074563281737
458/682 historical_pit f0116 COMPLETE eligible=False return=1.4528961418055597
459/682 historical_pit f0119 COMPLETE eligible=False return=1.536329879126645
460/682 historical_pit f0120 COMPLETE eligible=True return=1.2137687724342117
461/682 historical_pit f0117 COMPLETE eligible=True return=1.1601578787340499
462/682 historical_pit f0121 COMPLETE eligible=False return=1.3752917346880231
463/682 historical_pit f0122 COMPLETE eligible=False return=1.37810655938121
464/682 historical_pit f0118 COMPLETE eligible=True return=1.17657969029298
465/682 historical_pit f0123 COMPLETE eligible=True return=1.475746086718079
466/682 historical_pit f0127 COMPLETE eligible=False return=1.6066441797130033
467/682 historical_pit f0124 COMPLETE eligible=True return=1.4324300707062103
468/682 historical_pit f0126 COMPLETE eligible=True return=1.5277861055994535
469/682 historical_pit f0125 COMPLETE eligible=True return=1.5693620230708971
470/682 historical_pit f0128 COMPLETE eligible=False return=1.5762234689759684
471/682 historical_pit f0129 COMPLETE eligible=False return=1.4262470709906796
472/682 historical_pit f0133 COMPLETE eligible=False return=1.6910399459960836
473/682 historical_pit f0134 COMPLETE eligible=False return=1.602665619055085
474/682 historical_pit f0130 COMPLETE eligible=False return=1.042134831346734
475/682 historical_pit f0131 COMPLETE eligible=False return=1.5598686143564096
476/682 historical_pit f0132 COMPLETE eligible=False return=1.4802079507813137
477/682 historical_pit f0135 COMPLETE eligible=False return=1.5898929826465489
478/682 historical_pit f0136 COMPLETE eligible=False return=1.6720409214036378
479/682 historical_pit f0137 COMPLETE eligible=False return=1.9607916651806367
480/682 historical_pit f0138 COMPLETE eligible=False return=1.7512184294214324
481/682 historical_pit f0139 COMPLETE eligible=False return=1.1883867314560046
482/682 historical_pit f0140 COMPLETE eligible=False return=1.2172123014075469
483/682 historical_pit f0141 COMPLETE eligible=False return=1.2141572395875548
484/682 historical_pit f0143 COMPLETE eligible=False return=1.179640487777481
485/682 historical_pit f0142 COMPLETE eligible=False return=1.4552094789454957
486/682 historical_pit f0145 COMPLETE eligible=False return=1.5367554945239488
487/682 historical_pit f0146 COMPLETE eligible=True return=1.3588585428057685
488/682 historical_pit f0144 COMPLETE eligible=False return=1.0922244394426839
489/682 historical_pit f0151 COMPLETE eligible=True return=1.2515162462527263
490/682 historical_pit f0152 COMPLETE eligible=True return=1.5631305109076754
491/682 historical_pit f0147 COMPLETE eligible=False return=1.175500183078856
492/682 historical_pit f0148 COMPLETE eligible=False return=1.2838851905810071
493/682 historical_pit f0149 COMPLETE eligible=False return=1.3881199949706886
494/682 historical_pit f0150 COMPLETE eligible=False return=1.4248309075652648
495/682 historical_pit f0153 COMPLETE eligible=False return=1.646546447907757
496/682 historical_pit f0154 COMPLETE eligible=False return=1.219757919840411
497/682 historical_pit f0157 COMPLETE eligible=True return=1.54168750360073
498/682 historical_pit f0158 COMPLETE eligible=False return=1.4433013320491255
499/682 historical_pit f0155 COMPLETE eligible=False return=1.1834722037937428
500/682 historical_pit f0159 COMPLETE eligible=False return=1.2955767776849698
501/682 historical_pit f0156 COMPLETE eligible=False return=1.4433273701986642
502/682 historical_pit f0160 COMPLETE eligible=False return=1.1806768855571979
503/682 historical_pit f0161 COMPLETE eligible=False return=1.5894310848119741
504/682 historical_pit f0163 COMPLETE eligible=False return=1.283015938621658
505/682 historical_pit f0162 COMPLETE eligible=False return=1.6604582958881364
506/682 historical_pit f0164 COMPLETE eligible=False return=1.377965649381522
507/682 historical_pit f0167 COMPLETE eligible=False return=1.8429196132940437
508/682 historical_pit f0169 COMPLETE eligible=False return=1.6688301143125566
509/682 historical_pit f0165 COMPLETE eligible=False return=1.4786004460838593
510/682 historical_pit f0168 COMPLETE eligible=True return=1.8124275787884416
511/682 historical_pit f0166 COMPLETE eligible=False return=1.4392013587846222
512/682 historical_pit f0170 COMPLETE eligible=True return=1.6121927538635372
513/682 historical_pit f0171 COMPLETE eligible=True return=1.4055158452837762
514/682 historical_pit f0172 COMPLETE eligible=False return=1.3724383295723466
515/682 historical_pit f0175 COMPLETE eligible=False return=1.1861940046026422
516/682 historical_pit f0176 COMPLETE eligible=False return=1.3705693999338018
517/682 historical_pit f0173 COMPLETE eligible=False return=1.4212181494783742
518/682 historical_pit f0177 COMPLETE eligible=False return=1.4086397425904371
519/682 historical_pit f0174 COMPLETE eligible=False return=1.3395187464355849
520/682 historical_pit f0178 COMPLETE eligible=True return=1.3665613101117038
521/682 historical_pit f0183 COMPLETE eligible=False return=1.9563206443535086
522/682 historical_pit f0179 COMPLETE eligible=False return=1.5401047154521765
523/682 historical_pit f0180 COMPLETE eligible=False return=1.2428573645290522
524/682 historical_pit f0184 COMPLETE eligible=False return=1.5054746530015533
525/682 historical_pit f0181 COMPLETE eligible=False return=1.625480532282463
526/682 historical_pit f0182 COMPLETE eligible=False return=1.5900177202787291
527/682 historical_pit f0185 COMPLETE eligible=True return=1.311719542509783
528/682 historical_pit f0187 COMPLETE eligible=False return=1.6710778088962401
529/682 historical_pit f0188 COMPLETE eligible=False return=1.7644955866310479
530/682 historical_pit f0186 COMPLETE eligible=False return=1.039783241837017
531/682 historical_pit f0189 COMPLETE eligible=False return=1.1319176945676355
532/682 historical_pit f0190 COMPLETE eligible=False return=1.2087923429734526
533/682 historical_pit f0191 COMPLETE eligible=True return=1.569065495869999
534/682 historical_pit f0193 COMPLETE eligible=True return=1.731297625705587
535/682 historical_pit f0192 COMPLETE eligible=True return=1.6443354116586861
536/682 historical_pit f0194 COMPLETE eligible=False return=1.381792365288136
537/682 historical_pit f0197 COMPLETE eligible=False return=1.479598698961965
538/682 historical_pit f0199 COMPLETE eligible=True return=1.1698237080714682
539/682 historical_pit f0198 COMPLETE eligible=False return=1.67063339328636
540/682 historical_pit f0195 COMPLETE eligible=True return=1.5541711884049274
541/682 historical_pit f0196 COMPLETE eligible=True return=1.3959273957992107
542/682 historical_pit f0200 COMPLETE eligible=False return=1.5462309065862194
543/682 historical_pit f0201 COMPLETE eligible=False return=1.3580978731932971
544/682 historical_pit f0202 COMPLETE eligible=False return=1.3153653860386072
545/682 historical_pit f0205 COMPLETE eligible=False return=1.5938014964786502
546/682 historical_pit f0206 COMPLETE eligible=False return=1.5157916626346308
547/682 historical_pit f0203 COMPLETE eligible=False return=1.3182384751875578
548/682 historical_pit f0207 COMPLETE eligible=False return=1.7683816542192181
549/682 historical_pit f0208 COMPLETE eligible=True return=1.57787030690067
550/682 historical_pit f0204 COMPLETE eligible=False return=1.068005123949785
551/682 historical_pit f0209 COMPLETE eligible=True return=2.009978796783815
552/682 historical_pit f0210 COMPLETE eligible=False return=1.9669879224070592
553/682 historical_pit f0211 COMPLETE eligible=False return=1.145672854437171
554/682 historical_pit f0215 COMPLETE eligible=False return=1.2817925389910525
555/682 historical_pit f0212 COMPLETE eligible=False return=1.2317718473580195
556/682 historical_pit f0213 COMPLETE eligible=True return=1.444415037953207
557/682 historical_pit f0216 COMPLETE eligible=False return=1.6337650744896877
558/682 historical_pit f0214 COMPLETE eligible=True return=1.5594938105228349
559/682 historical_pit f0217 COMPLETE eligible=True return=1.175716380899254
560/682 historical_pit f0219 COMPLETE eligible=True return=1.1487658386058968
561/682 historical_pit f0220 COMPLETE eligible=False return=1.2224364329531578
562/682 historical_pit f0218 COMPLETE eligible=False return=1.308522393707685
563/682 historical_pit f0221 COMPLETE eligible=False return=1.3062608383536367
564/682 historical_pit f0222 COMPLETE eligible=False return=1.3643859824343596
565/682 historical_pit f0225 COMPLETE eligible=False return=1.3915506353640512
566/682 historical_pit f0223 COMPLETE eligible=False return=1.6424120881466058
567/682 historical_pit f0226 COMPLETE eligible=False return=1.2959736484505946
568/682 historical_pit f0224 COMPLETE eligible=False return=1.762885553792651
569/682 historical_pit f0227 COMPLETE eligible=True return=1.4034913512209686
570/682 historical_pit f0231 COMPLETE eligible=False return=1.158604291603234
571/682 historical_pit f0229 COMPLETE eligible=False return=1.2143019138255515
572/682 historical_pit f0230 COMPLETE eligible=False return=1.1391986773101994
573/682 historical_pit f0232 COMPLETE eligible=True return=1.204583567071484
574/682 historical_pit f0228 COMPLETE eligible=True return=1.2267986265109112
575/682 historical_pit f0234 COMPLETE eligible=False return=1.4715652172129219
576/682 historical_pit f0233 COMPLETE eligible=False return=1.4469065960023815
577/682 historical_pit f0237 COMPLETE eligible=True return=1.639487659036662
578/682 historical_pit f0238 COMPLETE eligible=False return=1.7063675102100007
579/682 historical_pit f0235 COMPLETE eligible=True return=1.49979168135919
580/682 historical_pit f0236 COMPLETE eligible=False return=1.4559954667619568
581/682 historical_pit f0239 COMPLETE eligible=False return=1.3116906834068884
582/682 historical_pit f0240 COMPLETE eligible=False return=1.4617136449646662
583/682 historical_pit f0242 COMPLETE eligible=False return=1.5403085051592549
584/682 historical_pit f0241 COMPLETE eligible=False return=1.695239223394005
585/682 historical_pit f0247 COMPLETE eligible=False return=1.180536904507262
586/682 historical_pit f0248 COMPLETE eligible=False return=1.1991489641867568
587/682 historical_pit f0244 COMPLETE eligible=False return=1.3486797869634795
588/682 historical_pit f0245 COMPLETE eligible=False return=1.2666116530706435
589/682 historical_pit f0243 COMPLETE eligible=False return=1.3009416560449223
590/682 historical_pit f0246 COMPLETE eligible=False return=1.2454618807208027
591/682 historical_pit f0249 COMPLETE eligible=True return=1.6163582303719988
592/682 historical_pit f0250 COMPLETE eligible=False return=1.457559164299941
593/682 historical_pit f0253 COMPLETE eligible=False return=1.2822813653786294
594/682 historical_pit f0254 COMPLETE eligible=True return=1.5735694594667473
595/682 historical_pit f0251 COMPLETE eligible=False return=1.2788818814830574
596/682 historical_pit f0252 COMPLETE eligible=False return=1.2157713145852367
597/682 historical_pit f0255 COMPLETE eligible=True return=1.439322753335627
598/682 historical_pit f0256 COMPLETE eligible=True return=1.078484802054101
599/682 historical_pit f0257 COMPLETE eligible=True return=1.7553299360831662
600/682 historical_pit f0258 COMPLETE eligible=True return=1.3771467540424696
601/682 historical_pit f0260 COMPLETE eligible=True return=1.324181139999081
602/682 historical_pit f0261 COMPLETE eligible=False return=1.3195654898467257
603/682 historical_pit f0259 COMPLETE eligible=False return=1.539532503879169
604/682 historical_pit f0263 COMPLETE eligible=True return=1.223934923907048
605/682 historical_pit f0262 COMPLETE eligible=False return=1.3928694746081511
606/682 historical_pit f0264 COMPLETE eligible=False return=1.4975206140124002
607/682 historical_pit f0265 COMPLETE eligible=False return=1.3944143538713103
608/682 historical_pit f0266 COMPLETE eligible=True return=1.276161491450066
609/682 historical_pit f0267 COMPLETE eligible=False return=1.6416800293672282
610/682 historical_pit f0268 COMPLETE eligible=False return=1.5342783106329847
611/682 historical_pit f0269 COMPLETE eligible=False return=1.4002905342991334
612/682 historical_pit f0270 COMPLETE eligible=False return=1.483159495608152
613/682 historical_pit f0271 COMPLETE eligible=True return=1.7275185489642402
614/682 historical_pit f0272 COMPLETE eligible=True return=1.4690865014628196
615/682 historical_pit f0273 COMPLETE eligible=True return=1.1636840549017835
616/682 historical_pit f0274 COMPLETE eligible=True return=1.2217841398961036
617/682 historical_pit f0275 COMPLETE eligible=False return=1.1462831054416034
618/682 historical_pit f0279 COMPLETE eligible=True return=1.5144323779727324
619/682 historical_pit f0280 COMPLETE eligible=True return=1.5847394490679512
620/682 historical_pit f0276 COMPLETE eligible=False return=1.192559800303742
621/682 historical_pit f0277 COMPLETE eligible=False return=1.5064633794700342
622/682 historical_pit f0278 COMPLETE eligible=False return=1.574287674472298
623/682 historical_pit f0281 COMPLETE eligible=True return=1.3959652013171389
624/682 historical_pit f0282 COMPLETE eligible=False return=1.0863961861771791
625/682 historical_pit f0283 COMPLETE eligible=False return=1.7833938762829553
626/682 historical_pit f0284 COMPLETE eligible=False return=1.7884396600762509
627/682 historical_pit f0285 COMPLETE eligible=True return=1.2356299616266821
628/682 historical_pit f0286 COMPLETE eligible=True return=1.2999528613934395
629/682 historical_pit f0287 COMPLETE eligible=False return=1.9379587404232548
630/682 historical_pit f0288 COMPLETE eligible=True return=1.7689346587164216
631/682 historical_pit f0289 COMPLETE eligible=False return=1.241582609611195
632/682 historical_pit f0290 COMPLETE eligible=True return=1.2682036434835888
633/682 historical_pit f0293 COMPLETE eligible=False return=1.5599537301932789
634/682 historical_pit f0294 COMPLETE eligible=False return=1.3692264157879208
635/682 historical_pit f0292 COMPLETE eligible=False return=1.289489779080335
636/682 historical_pit f0291 COMPLETE eligible=False return=1.2984365319898434
637/682 historical_pit f0295 COMPLETE eligible=False return=1.3832040984993523
638/682 historical_pit f0296 COMPLETE eligible=False return=1.3351981344121557
639/682 historical_pit f0297 COMPLETE eligible=False return=1.490747169098031
640/682 historical_pit f0298 COMPLETE eligible=False return=1.4408158940708047
641/682 historical_pit f0299 COMPLETE eligible=False return=1.376845865786981
642/682 historical_pit f0300 COMPLETE eligible=True return=1.484430971884764
643/682 historical_pit f0301 COMPLETE eligible=False return=1.3306674986196407
644/682 historical_pit f0302 COMPLETE eligible=False return=1.1711702014802556
645/682 historical_pit f0303 COMPLETE eligible=True return=1.4261222446571074
646/682 historical_pit f0304 COMPLETE eligible=True return=1.2484813310098581
647/682 historical_pit f0305 COMPLETE eligible=True return=1.4617343696148755
648/682 historical_pit f0306 COMPLETE eligible=False return=1.5436315957736686
649/682 historical_pit f0307 COMPLETE eligible=False return=1.581670863865659
650/682 historical_pit f0309 COMPLETE eligible=False return=1.3412723105647166
651/682 historical_pit f0312 COMPLETE eligible=True return=1.3086271877075721
652/682 historical_pit f0310 COMPLETE eligible=False return=1.4851903323531253
653/682 historical_pit f0308 COMPLETE eligible=False return=1.2219668507067882
654/682 historical_pit f0311 COMPLETE eligible=False return=1.059597679675552
655/682 historical_pit f0315 COMPLETE eligible=True return=1.4061443223851704
656/682 historical_pit f0316 COMPLETE eligible=False return=1.3223936114997916
657/682 historical_pit f0313 COMPLETE eligible=False return=1.6755655092403114
658/682 historical_pit f0314 COMPLETE eligible=False return=1.6737563862310982
659/682 historical_pit f0317 COMPLETE eligible=False return=1.2724993222407508
660/682 historical_pit f0318 COMPLETE eligible=True return=1.6518261514742663
661/682 historical_pit f0319 COMPLETE eligible=False return=1.240923832745933
662/682 historical_pit f0320 COMPLETE eligible=False return=1.256365599835164
663/682 historical_pit f0321 COMPLETE eligible=False return=1.2169256534268524
664/682 historical_pit f0322 COMPLETE eligible=False return=1.3240105457847555
665/682 historical_pit f0327 COMPLETE eligible=False return=1.4416637897327114
666/682 historical_pit f0323 COMPLETE eligible=True return=1.4193336710816675
667/682 historical_pit f0328 COMPLETE eligible=False return=1.4446864275639766
668/682 historical_pit f0324 COMPLETE eligible=True return=1.4800190586093334
669/682 historical_pit f0325 COMPLETE eligible=False return=1.5545850373275591
670/682 historical_pit f0326 COMPLETE eligible=False return=1.4374762857479308
671/682 historical_pit f0330 COMPLETE eligible=False return=1.2770736452572597
672/682 historical_pit f0329 COMPLETE eligible=False return=1.184164184513774
673/682 historical_pit f0331 COMPLETE eligible=True return=1.2615757923033017
674/682 historical_pit f0332 COMPLETE eligible=True return=1.55633768205398
675/682 historical_pit f0333 COMPLETE eligible=False return=1.5316798700164957
676/682 historical_pit f0335 COMPLETE eligible=False return=1.8327005949727915
677/682 historical_pit f0336 COMPLETE eligible=False return=1.5947483793189545
678/682 historical_pit f0334 COMPLETE eligible=False return=1.428736554143255
679/682 historical_pit f0337 COMPLETE eligible=False return=1.4177848854506307
680/682 historical_pit f0338 COMPLETE eligible=False return=1.424543369868183
681/682 historical_pit f0339 COMPLETE eligible=True return=1.4522523259615427
682/682 historical_pit f0340 COMPLETE eligible=False return=1.380524092177565
1/128 official_ex_post l0002 COMPLETE eligible=False return=2.425605795278647
2/128 official_ex_post l0001 COMPLETE eligible=False return=2.0182498965608113
3/128 official_ex_post l0004 COMPLETE eligible=False return=2.4142153857376587
4/128 official_ex_post l0005 COMPLETE eligible=False return=2.385357896658101
5/128 official_ex_post l0000 COMPLETE eligible=False return=1.5987094526714958
6/128 official_ex_post l0003 COMPLETE eligible=False return=1.814498419298943
7/128 official_ex_post l0008 COMPLETE eligible=False return=3.0827930991523136
8/128 official_ex_post l0007 COMPLETE eligible=False return=2.829813364564277
9/128 official_ex_post l0009 COMPLETE eligible=False return=1.8601470049530437
10/128 official_ex_post l0010 COMPLETE eligible=False return=2.5761154422403436
11/128 official_ex_post l0011 COMPLETE eligible=False return=2.29995869101142
12/128 official_ex_post l0006 COMPLETE eligible=False return=1.3984765100269123
13/128 official_ex_post l0014 COMPLETE eligible=False return=2.734231711836442
14/128 official_ex_post l0013 COMPLETE eligible=False return=2.805889561442459
15/128 official_ex_post l0012 COMPLETE eligible=False return=1.8655732117393238
16/128 official_ex_post l0016 COMPLETE eligible=False return=2.000591150084283
17/128 official_ex_post l0017 COMPLETE eligible=True return=2.716766037770003
18/128 official_ex_post l0018 COMPLETE eligible=False return=1.9980272428413475
19/128 official_ex_post l0019 COMPLETE eligible=False return=2.6354134126845183
20/128 official_ex_post l0015 COMPLETE eligible=True return=1.3871920253132757
21/128 official_ex_post l0020 COMPLETE eligible=False return=2.5034423873045215
22/128 official_ex_post l0022 COMPLETE eligible=False return=2.5581535313816475
23/128 official_ex_post l0023 COMPLETE eligible=False return=2.6085592729512683
24/128 official_ex_post l0025 COMPLETE eligible=False return=2.719518453098161
25/128 official_ex_post l0021 COMPLETE eligible=False return=2.018173062220558
26/128 official_ex_post l0026 COMPLETE eligible=False return=1.9276949272516428
27/128 official_ex_post l0024 COMPLETE eligible=False return=1.9129638765861752
28/128 official_ex_post l0027 COMPLETE eligible=False return=2.1480183972312834
29/128 official_ex_post l0029 COMPLETE eligible=False return=2.166098350697937
30/128 official_ex_post l0031 COMPLETE eligible=False return=2.495406177018376
31/128 official_ex_post l0028 COMPLETE eligible=False return=2.2297833543729877
32/128 official_ex_post l0032 COMPLETE eligible=True return=2.647318512109031
33/128 official_ex_post l0030 COMPLETE eligible=True return=1.615737536292278
34/128 official_ex_post l0034 COMPLETE eligible=False return=2.576153829020285
35/128 official_ex_post l0033 COMPLETE eligible=False return=1.8338927032634373
36/128 official_ex_post l0036 COMPLETE eligible=False return=1.8740723824883836
37/128 official_ex_post l0035 COMPLETE eligible=True return=2.792303289772471
38/128 official_ex_post l0037 COMPLETE eligible=False return=2.9993928238796657
39/128 official_ex_post l0038 COMPLETE eligible=False return=2.216906371939561
40/128 official_ex_post l0041 COMPLETE eligible=False return=2.4199103284095798
41/128 official_ex_post l0040 COMPLETE eligible=False return=2.1740846747485625
42/128 official_ex_post l0039 COMPLETE eligible=False return=2.077618685205857
43/128 official_ex_post l0044 COMPLETE eligible=False return=2.4274831696534496
44/128 official_ex_post l0042 COMPLETE eligible=True return=1.3871920253132757
45/128 official_ex_post l0043 COMPLETE eligible=False return=3.0248839470319577
46/128 official_ex_post l0045 COMPLETE eligible=False return=2.4710735666420325
47/128 official_ex_post l0046 COMPLETE eligible=False return=2.2168177020396382
48/128 official_ex_post l0047 COMPLETE eligible=False return=2.598245993303652
49/128 official_ex_post l0049 COMPLETE eligible=False return=2.186803870917481
50/128 official_ex_post l0050 COMPLETE eligible=False return=2.4875562291764677
51/128 official_ex_post l0052 COMPLETE eligible=False return=2.1181847910279927
52/128 official_ex_post l0051 COMPLETE eligible=False return=1.7491056053598641
53/128 official_ex_post l0053 COMPLETE eligible=False return=2.135952339233441
54/128 official_ex_post l0048 COMPLETE eligible=False return=1.403447881156679
55/128 official_ex_post l0055 COMPLETE eligible=True return=3.0235441689120988
56/128 official_ex_post l0056 COMPLETE eligible=False return=2.2900675740742393
57/128 official_ex_post l0058 COMPLETE eligible=False return=2.80796282978463
58/128 official_ex_post l0054 COMPLETE eligible=False return=1.1938858730533841
59/128 official_ex_post l0057 COMPLETE eligible=False return=1.9248042597495378
60/128 official_ex_post l0059 COMPLETE eligible=False return=2.336676014261997
61/128 official_ex_post l0061 COMPLETE eligible=False return=2.0049397605688704
62/128 official_ex_post l0060 COMPLETE eligible=False return=2.0438872592286557
63/128 official_ex_post l0062 COMPLETE eligible=False return=2.1127631823100854
64/128 historical_pit l0001 COMPLETE eligible=True return=1.5914279558412532
65/128 official_ex_post l0063 COMPLETE eligible=False return=1.7985100457214052
66/128 historical_pit l0002 COMPLETE eligible=False return=1.5793587310569626
67/128 historical_pit l0000 COMPLETE eligible=True return=1.435287650688175
68/128 historical_pit l0004 COMPLETE eligible=True return=1.8488793050733916
69/128 historical_pit l0005 COMPLETE eligible=True return=1.0814352168542425
70/128 historical_pit l0003 COMPLETE eligible=True return=1.4574720428152474
71/128 historical_pit l0007 COMPLETE eligible=True return=1.5730093582758737
72/128 historical_pit l0008 COMPLETE eligible=True return=1.6035815109340668
73/128 historical_pit l0006 COMPLETE eligible=False return=1.650035032330123
74/128 historical_pit l0009 COMPLETE eligible=True return=1.4288155927176067
75/128 historical_pit l0010 COMPLETE eligible=False return=1.3324179471393993
76/128 historical_pit l0011 COMPLETE eligible=False return=1.3588297062704844
77/128 historical_pit l0013 COMPLETE eligible=False return=1.4392390816186866
78/128 historical_pit l0014 COMPLETE eligible=True return=1.4911071017108948
79/128 historical_pit l0012 COMPLETE eligible=True return=1.3419516446951785
80/128 historical_pit l0016 COMPLETE eligible=False return=1.4081541357772274
81/128 historical_pit l0017 COMPLETE eligible=True return=1.4486647101450592
82/128 historical_pit l0015 COMPLETE eligible=True return=1.485247476282399
83/128 historical_pit l0018 COMPLETE eligible=False return=1.7608106370225944
84/128 historical_pit l0019 COMPLETE eligible=False return=1.6609643115478931
85/128 historical_pit l0022 COMPLETE eligible=False return=1.4916518132318144
86/128 historical_pit l0020 COMPLETE eligible=False return=1.6588978713826457
87/128 historical_pit l0023 COMPLETE eligible=False return=1.6842366002524454
88/128 historical_pit l0021 COMPLETE eligible=True return=1.7181040672209082
89/128 historical_pit l0025 COMPLETE eligible=True return=1.4238877920791482
90/128 historical_pit l0024 COMPLETE eligible=False return=1.3195650170393929
91/128 historical_pit l0026 COMPLETE eligible=True return=1.3228684703694342
92/128 historical_pit l0027 COMPLETE eligible=True return=1.5885731301694919
93/128 historical_pit l0029 COMPLETE eligible=False return=1.3629739046880527
94/128 historical_pit l0028 COMPLETE eligible=False return=1.3232789981820159
95/128 historical_pit l0032 COMPLETE eligible=True return=2.0857572632989463
96/128 historical_pit l0031 COMPLETE eligible=False return=1.393236963304275
97/128 historical_pit l0030 COMPLETE eligible=True return=1.485247476282399
98/128 historical_pit l0033 COMPLETE eligible=False return=1.5079953843627303
99/128 historical_pit l0034 COMPLETE eligible=False return=1.8188258052800874
100/128 historical_pit l0036 COMPLETE eligible=True return=1.3898041103940248
101/128 historical_pit l0035 COMPLETE eligible=True return=1.3184946206012254
102/128 historical_pit l0038 COMPLETE eligible=True return=1.2659492607381901
103/128 historical_pit l0037 COMPLETE eligible=True return=1.6476687238607828
104/128 historical_pit l0039 COMPLETE eligible=True return=1.5616521893206246
105/128 historical_pit l0041 COMPLETE eligible=False return=1.6843693243554756
106/128 historical_pit l0044 COMPLETE eligible=False return=1.802204962987001
107/128 historical_pit l0045 COMPLETE eligible=True return=1.6959492046799491
108/128 historical_pit l0042 COMPLETE eligible=False return=1.449989925126839
109/128 historical_pit l0043 COMPLETE eligible=True return=1.5343732807018267
110/128 historical_pit l0046 COMPLETE eligible=True return=2.0276604483196676
111/128 historical_pit l0047 COMPLETE eligible=False return=1.2964323512717022
112/128 historical_pit l0049 COMPLETE eligible=False return=1.633178076436538
113/128 historical_pit l0050 COMPLETE eligible=True return=1.5840519685783803
114/128 historical_pit l0051 COMPLETE eligible=False return=1.8122638275170755
115/128 historical_pit l0048 COMPLETE eligible=False return=1.7382234596607846
116/128 historical_pit l0040 COMPLETE eligible=True return=1.4735983397637358
117/128 historical_pit l0052 COMPLETE eligible=True return=1.3505796451745105
118/128 historical_pit l0055 COMPLETE eligible=True return=1.509129771523991
119/128 historical_pit l0053 COMPLETE eligible=False return=1.2658097941650945
120/128 historical_pit l0054 COMPLETE eligible=True return=1.2730433449418381
121/128 historical_pit l0058 COMPLETE eligible=False return=1.758810523113345
122/128 historical_pit l0056 COMPLETE eligible=True return=1.0716338472093079
123/128 historical_pit l0057 COMPLETE eligible=False return=1.3195650170393929
124/128 historical_pit l0059 COMPLETE eligible=True return=1.5059077449658402
125/128 historical_pit l0060 COMPLETE eligible=True return=1.456171637553529
126/128 historical_pit l0061 COMPLETE eligible=True return=1.8150745684662737
127/128 historical_pit l0062 COMPLETE eligible=False return=1.2844140277784892
128/128 historical_pit l0063 COMPLETE eligible=True return=1.5741015453554676
COMPLETE_PENDING_INDEPENDENT_AUDIT
